


78K0R Linker V1.80                            Date:15 Nov 2024 Page:   1

Command:   -yC:\Program Files (x86)\Renesas Electronics\CS+\CACX\Device\
           RL78\Devicefile -_msgoff -oDefaultBuild\MOVING_FAUCET_TOF_MAI
           N_MULTI.lmf -gi00000000000000000000h -go84h,0FE00h,512 -gb7D7
           BE8H -mi0 -s -pDefaultBuild\MOVING_FAUCET_TOF_MAIN_MULTI.map 
           C:\Program Files (x86)\Renesas Electronics\CS+\CACX\CA78K0R\V
           1.72\lib78k0r\s0rll.rel DefaultBuild\r_systeminit.rel Default
           Build\r_cg_cgc.rel DefaultBuild\r_cg_cgc_user.rel DefaultBuil
           d\r_cg_wdt.rel DefaultBuild\main.rel DefaultBuild\process_sys
           _event.rel DefaultBuild\util.rel DefaultBuild\comm.rel Defaul
           tBuild\crc16.rel DefaultBuild\parser.rel DefaultBuild\eeprom.
           rel DefaultBuild\hal_eeprom.rel DefaultBuild\hal_i2c.rel Defa
           ultBuild\hal_serial.rel DefaultBuild\timer.rel DefaultBuild\g
           p2ap04vt_api.rel DefaultBuild\gp2ap04vt_firmware.rel DefaultB
           uild\gp2ap_i2c.rel DefaultBuild\tof.rel DefaultBuild\r_cg_ser
           ial.rel DefaultBuild\r_cg_port.rel DefaultBuild\r_cg_intc.rel
            DefaultBuild\r_cg_timer.rel DefaultBuild\parser_tof.rel -bcl
           0ral.lib -bcl0rlf.lib -bcl0rl.lib -iC:\Program Files (x86)\Re
           nesas Electronics\CS+\CACX\CA78K0R\V1.72\lib78k0r
Para-file:
Out-file:  DefaultBuild\MOVING_FAUCET_TOF_MAIN_MULTI.lmf
Map-file:  DefaultBuild\MOVING_FAUCET_TOF_MAIN_MULTI.map
Direc-file:
Directive:


*** Link information ***

    54 output segment(s)
 7257H byte(s) real data
  3739 symbol(s) defined


*** Memory map ***


  SPACE=REGULAR

  MEMORY=ROM
  BASE ADDRESS=00000H   SIZE=10000H
         OUTPUT   INPUT    INPUT      BASE      SIZE
         SEGMENT  SEGMENT  MODULE     ADDRESS
         @@VECT00                     00000H    00002H  CSEG AT
                  @@VECT00 @cstart    00000H    00002H
         @@CNST                       00002H    00000H  CSEG UNITP
                  @@CNST   @cstart    00002H    00000H
                  @@CNST   r_systeminit
                                      00002H    00000H
                  @@CNST   r_cg_cgc   00002H    00000H
                  @@CNST   r_cg_cgc_user
                                      00002H    00000H
                  @@CNST   r_cg_wdt   00002H    00000H
                  @@CNST   main       00002H    00000H
                  @@CNST   process_sys_event
                                      00002H    00000H
                  @@CNST   util       00002H    00000H
                  @@CNST   comm       00002H    00000H
                  @@CNST   crc16      00002H    00000H
                  @@CNST   parser     00002H    00000H
                  @@CNST   eeprom     00002H    00000H
                  @@CNST   hal_eeprom
                                      00002H    00000H
                  @@CNST   hal_i2c    00002H    00000H
                  @@CNST   hal_serial
                                      00002H    00000H
                  @@CNST   timer      00002H    00000H
                  @@CNST   gp2ap04vt_api
                                      00002H    00000H
                  @@CNST   gp2ap04vt_firmware
                                      00002H    00000H
                  @@CNST   gp2ap_i2c
                                      00002H    00000H
                  @@CNST   tof        00002H    00000H
                  @@CNST   r_cg_serial
                                      00002H    00000H
                  @@CNST   r_cg_port
                                      00002H    00000H
                  @@CNST   r_cg_intc
                                      00002H    00000H
                  @@CNST   r_cg_timer
                                      00002H    00000H
                  @@CNST   parser_tof
                                      00002H    00000H
         @@CNSTL                      00002H    00000H  CSEG PAGE64KP
                  @@CNSTL  @cstart    00002H    00000H
         @@CNSTL                      00002H    00000H  CSEG PAGE64KP
                  @@CNSTL  r_systeminit
                                      00002H    00000H
         @@CNSTL                      00002H    00000H  CSEG PAGE64KP
                  @@CNSTL  r_cg_cgc   00002H    00000H
         @@CNSTL                      00002H    00000H  CSEG PAGE64KP
                  @@CNSTL  r_cg_cgc_user
                                      00002H    00000H
         @@CNSTL                      00002H    00000H  CSEG PAGE64KP
                  @@CNSTL  r_cg_wdt   00002H    00000H
         @@CNSTL                      00002H    00000H  CSEG PAGE64KP
                  @@CNSTL  main       00002H    00000H
         @@CNSTL                      00002H    00000H  CSEG PAGE64KP
                  @@CNSTL  util       00002H    00000H
         @@CNSTL                      00002H    00000H  CSEG PAGE64KP
                  @@CNSTL  comm       00002H    00000H
         @@CNSTL                      00002H    00000H  CSEG PAGE64KP
                  @@CNSTL  hal_i2c    00002H    00000H
         @@CNSTL                      00002H    00000H  CSEG PAGE64KP
                  @@CNSTL  hal_serial
                                      00002H    00000H
         @@CNSTL                      00002H    00000H  CSEG PAGE64KP
                  @@CNSTL  timer      00002H    00000H
         @@CNSTL                      00002H    00000H  CSEG PAGE64KP
                  @@CNSTL  gp2ap_i2c
                                      00002H    00000H
         @@CNSTL                      00002H    00000H  CSEG PAGE64KP
                  @@CNSTL  tof        00002H    00000H
         @@CNSTL                      00002H    00000H  CSEG PAGE64KP
                  @@CNSTL  r_cg_serial
                                      00002H    00000H
         @@CNSTL                      00002H    00000H  CSEG PAGE64KP
                  @@CNSTL  r_cg_port
                                      00002H    00000H
         @@CNSTL                      00002H    00000H  CSEG PAGE64KP
                  @@CNSTL  r_cg_intc
                                      00002H    00000H
         @@CNSTL                      00002H    00000H  CSEG PAGE64KP
                  @@CNSTL  r_cg_timer
                                      00002H    00000H
         @@R_INIT                     00002H    00000H  CSEG UNIT64KP
                  @@R_INIT @cstart    00002H    00000H
                  @@R_INIT r_systeminit
                                      00002H    00000H
                  @@R_INIT r_cg_cgc   00002H    00000H
                  @@R_INIT r_cg_cgc_user
                                      00002H    00000H
                  @@R_INIT r_cg_wdt   00002H    00000H
                  @@R_INIT main       00002H    00000H
                  @@R_INIT process_sys_event
                                      00002H    00000H
                  @@R_INIT util       00002H    00000H
                  @@R_INIT comm       00002H    00000H
                  @@R_INIT crc16      00002H    00000H
                  @@R_INIT parser     00002H    00000H
                  @@R_INIT eeprom     00002H    00000H
                  @@R_INIT hal_eeprom
                                      00002H    00000H
                  @@R_INIT hal_i2c    00002H    00000H
                  @@R_INIT hal_serial
                                      00002H    00000H
                  @@R_INIT timer      00002H    00000H
                  @@R_INIT gp2ap04vt_api
                                      00002H    00000H
                  @@R_INIT gp2ap04vt_firmware
                                      00002H    00000H
                  @@R_INIT gp2ap_i2c
                                      00002H    00000H
                  @@R_INIT tof        00002H    00000H
                  @@R_INIT r_cg_serial
                                      00002H    00000H
                  @@R_INIT r_cg_port
                                      00002H    00000H
                  @@R_INIT r_cg_intc
                                      00002H    00000H
                  @@R_INIT r_cg_timer
                                      00002H    00000H
                  @@R_INIT parser_tof
                                      00002H    00000H
                  @@R_INIT @rom       00002H    00000H
         @@R_INIS                     00002H    00000H  CSEG UNIT64KP
                  @@R_INIS @cstart    00002H    00000H
                  @@R_INIS r_systeminit
                                      00002H    00000H
                  @@R_INIS r_cg_cgc   00002H    00000H
                  @@R_INIS r_cg_cgc_user
                                      00002H    00000H
                  @@R_INIS r_cg_wdt   00002H    00000H
                  @@R_INIS main       00002H    00000H
                  @@R_INIS process_sys_event
                                      00002H    00000H
                  @@R_INIS util       00002H    00000H
                  @@R_INIS comm       00002H    00000H
                  @@R_INIS crc16      00002H    00000H
                  @@R_INIS parser     00002H    00000H
                  @@R_INIS eeprom     00002H    00000H
                  @@R_INIS hal_eeprom
                                      00002H    00000H
                  @@R_INIS hal_i2c    00002H    00000H
                  @@R_INIS hal_serial
                                      00002H    00000H
                  @@R_INIS timer      00002H    00000H
                  @@R_INIS gp2ap04vt_api
                                      00002H    00000H
                  @@R_INIS gp2ap04vt_firmware
                                      00002H    00000H
                  @@R_INIS gp2ap_i2c
                                      00002H    00000H
                  @@R_INIS tof        00002H    00000H
                  @@R_INIS r_cg_serial
                                      00002H    00000H
                  @@R_INIS r_cg_port
                                      00002H    00000H
                  @@R_INIS r_cg_intc
                                      00002H    00000H
                  @@R_INIS r_cg_timer
                                      00002H    00000H
                  @@R_INIS parser_tof
                                      00002H    00000H
                  @@R_INIS @rom       00002H    00000H
         @@CALT                       00002H    00000H  CSEG
                  @@CALT   @cstart    00002H    00000H
                  @@CALT   r_systeminit
                                      00002H    00000H
                  @@CALT   r_cg_cgc   00002H    00000H
                  @@CALT   r_cg_cgc_user
                                      00002H    00000H
                  @@CALT   r_cg_wdt   00002H    00000H
                  @@CALT   main       00002H    00000H
                  @@CALT   process_sys_event
                                      00002H    00000H
                  @@CALT   util       00002H    00000H
                  @@CALT   comm       00002H    00000H
                  @@CALT   crc16      00002H    00000H
                  @@CALT   parser     00002H    00000H
                  @@CALT   eeprom     00002H    00000H
                  @@CALT   hal_eeprom
                                      00002H    00000H
                  @@CALT   hal_i2c    00002H    00000H
                  @@CALT   hal_serial
                                      00002H    00000H
                  @@CALT   timer      00002H    00000H
                  @@CALT   gp2ap04vt_api
                                      00002H    00000H
                  @@CALT   gp2ap04vt_firmware
                                      00002H    00000H
                  @@CALT   gp2ap_i2c
                                      00002H    00000H
                  @@CALT   tof        00002H    00000H
                  @@CALT   r_cg_serial
                                      00002H    00000H
                  @@CALT   r_cg_port
                                      00002H    00000H
                  @@CALT   r_cg_intc
                                      00002H    00000H
                  @@CALT   r_cg_timer
                                      00002H    00000H
                  @@CALT   parser_tof
                                      00002H    00000H
         ??NMIROM                     00002H    00002H  CSEG
         @@CNSTL                      00004H    00004H  CSEG PAGE64KP
                  @@CNSTL  hal_eeprom
                                      00004H    00004H
* gap *                               00008H    00006H
         @@VECT0E                     0000EH    00002H  CSEG AT
                  @@VECT0E tof        0000EH    00002H
         @@CNSTL                      00010H    00014H  CSEG PAGE64KP
                  @@CNSTL  parser     00010H    00014H
         @@VECT24                     00024H    00004H  CSEG AT
                  @@VECT24 hal_serial
                                      00024H    00004H
* gap *                               00028H    00002H
         @@VECT2A                     0002AH    00002H  CSEG AT
                  @@VECT2A hal_i2c    0002AH    00002H
         @@VECT2C                     0002CH    00002H  CSEG AT
                  @@VECT2C timer      0002CH    00002H
         @@CNSTL                      0002EH    00034H  CSEG PAGE64KP
                  @@CNSTL  process_sys_event
                                      0002EH    00034H
         @@CNSTL                      00062H    00014H  CSEG PAGE64KP
                  @@CNSTL  eeprom     00062H    00014H
         @@CNSTL                      00076H    0000CH  CSEG PAGE64KP
                  @@CNSTL  gp2ap04vt_api
                                      00076H    0000CH
         @@CNSTL                      00082H    00014H  CSEG PAGE64KP
                  @@CNSTL  parser_tof
                                      00082H    00014H
* gap *                               00096H    0002AH
         ?CSEGOB0                     000C0H    00004H  CSEG OPT_BYTE
         @@CODE                       000C4H    00000H  CSEG BASE
                  @@CODE   r_systeminit
                                      000C4H    00000H
                  @@CODE   r_cg_cgc   000C4H    00000H
                  @@CODE   r_cg_cgc_user
                                      000C4H    00000H
                  @@CODE   r_cg_wdt   000C4H    00000H
                  @@CODE   main       000C4H    00000H
                  @@CODE   process_sys_event
                                      000C4H    00000H
                  @@CODE   util       000C4H    00000H
                  @@CODE   comm       000C4H    00000H
                  @@CODE   crc16      000C4H    00000H
                  @@CODE   parser     000C4H    00000H
                  @@CODE   eeprom     000C4H    00000H
                  @@CODE   hal_eeprom
                                      000C4H    00000H
                  @@CODE   hal_i2c    000C4H    00000H
                  @@CODE   hal_serial
                                      000C4H    00000H
                  @@CODE   timer      000C4H    00000H
                  @@CODE   gp2ap04vt_api
                                      000C4H    00000H
                  @@CODE   gp2ap04vt_firmware
                                      000C4H    00000H
                  @@CODE   gp2ap_i2c
                                      000C4H    00000H
                  @@CODE   tof        000C4H    00000H
                  @@CODE   r_cg_serial
                                      000C4H    00000H
                  @@CODE   r_cg_port
                                      000C4H    00000H
                  @@CODE   r_cg_intc
                                      000C4H    00000H
                  @@CODE   r_cg_timer
                                      000C4H    00000H
                  @@CODE   parser_tof
                                      000C4H    00000H
         ?CSEGSI                      000C4H    0000AH  CSEG
         ?OCDSTAD                     000CEH    0000AH  CSEG
         @@LCODE                      000D8H    00247H  CSEG BASE
                  @@LCODE  @cstart    000D8H    000ADH
                  @@LCODE  @lmul      00185H    0002BH
                  @@LCODE  @cudiv     001B0H    00034H
                  @@LCODE  @curem     001E4H    00036H
                  @@LCODE  @lsdiv     0021AH    00039H
                  @@LCODE  @ludiv     00253H    0003FH
                  @@LCODE  @llsh      00292H    0001BH
                  @@LCODE  @lsrsh     002ADH    0001FH
                  @@LCODE  @lursh     002CCH    0001FH
                  @@LCODE  @iscmp     002EBH    0000CH
                  @@LCODE  @lband     002F7H    00014H
                  @@LCODE  @lbor      0030BH    00014H
         @@BASE                       0031FH    00150H  CSEG BASE
                  @@BASE   r_systeminit
                                      0031FH    00000H
                  @@BASE   r_cg_cgc   0031FH    00000H
                  @@BASE   r_cg_cgc_user
                                      0031FH    00000H
                  @@BASE   r_cg_wdt   0031FH    00000H
                  @@BASE   main       0031FH    00000H
                  @@BASE   process_sys_event
                                      0031FH    00000H
                  @@BASE   util       0031FH    00000H
                  @@BASE   comm       0031FH    00000H
                  @@BASE   crc16      0031FH    00000H
                  @@BASE   parser     0031FH    00000H
                  @@BASE   eeprom     0031FH    00000H
                  @@BASE   hal_eeprom
                                      0031FH    00000H
                  @@BASE   hal_i2c    0031FH    00038H
                  @@BASE   hal_serial
                                      00357H    000ADH
                  @@BASE   timer      00404H    0004AH
                  @@BASE   gp2ap04vt_api
                                      0044EH    00000H
                  @@BASE   gp2ap04vt_firmware
                                      0044EH    00000H
                  @@BASE   gp2ap_i2c
                                      0044EH    00000H
                  @@BASE   tof        0044EH    00021H
                  @@BASE   r_cg_serial
                                      0046FH    00000H
                  @@BASE   r_cg_port
                                      0046FH    00000H
                  @@BASE   r_cg_intc
                                      0046FH    00000H
                  @@BASE   r_cg_timer
                                      0046FH    00000H
                  @@BASE   parser_tof
                                      0046FH    00000H
* gap *                               0046FH    00001H
         @@CNSTL                      00470H    00200H  CSEG PAGE64KP
                  @@CNSTL  crc16      00470H    00200H
         @@CNSTL                      00670H    02698H  CSEG PAGE64KP
                  @@CNSTL  gp2ap04vt_firmware
                                      00670H    02698H
         @@RLINIT                     02D08H    00054H  CSEG UNIT64KP
                  @@RLINIT @cstart    02D08H    00000H
                  @@RLINIT r_systeminit
                                      02D08H    00000H
                  @@RLINIT r_cg_cgc   02D08H    00000H
                  @@RLINIT r_cg_cgc_user
                                      02D08H    00000H
                  @@RLINIT r_cg_wdt   02D08H    00000H
                  @@RLINIT main       02D08H    00000H
                  @@RLINIT process_sys_event
                                      02D08H    00008H
                  @@RLINIT util       02D10H    00000H
                  @@RLINIT comm       02D10H    00000H
                  @@RLINIT crc16      02D10H    00000H
                  @@RLINIT parser     02D10H    00004H
                  @@RLINIT eeprom     02D14H    00014H
                  @@RLINIT hal_eeprom
                                      02D28H    00000H
                  @@RLINIT hal_i2c    02D28H    00020H
                  @@RLINIT hal_serial
                                      02D48H    00000H
                  @@RLINIT timer      02D48H    00004H
                  @@RLINIT gp2ap04vt_api
                                      02D4CH    00000H
                  @@RLINIT gp2ap04vt_firmware
                                      02D4CH    00000H
                  @@RLINIT gp2ap_i2c
                                      02D4CH    00000H
                  @@RLINIT tof        02D4CH    00010H
                  @@RLINIT r_cg_serial
                                      02D5CH    00000H
                  @@RLINIT r_cg_port
                                      02D5CH    00000H
                  @@RLINIT r_cg_intc
                                      02D5CH    00000H
                  @@RLINIT r_cg_timer
                                      02D5CH    00000H
                  @@RLINIT parser_tof
                                      02D5CH    00000H
                  @@RLINIT @rom       02D5CH    00000H
         @@CODEL                      02D5CH    04246H  CSEG
                  @@CODEL  r_systeminit
                                      02D5CH    0002FH
                  @@CODEL  r_cg_cgc   02D8BH    00017H
                  @@CODEL  r_cg_cgc_user
                                      02DA2H    00005H
                  @@CODEL  r_cg_wdt   02DA7H    0000BH
                  @@CODEL  main       02DB2H    0006AH
                  @@CODEL  process_sys_event
                                      02E1CH    000DDH
                  @@CODEL  util       02EF9H    00146H
                  @@CODEL  comm       0303FH    000D0H
                  @@CODEL  crc16      0310FH    0009CH
                  @@CODEL  parser     031ABH    002D2H
                  @@CODEL  eeprom     0347DH    0040CH
                  @@CODEL  hal_eeprom
                                      03889H    005A1H
                  @@CODEL  hal_i2c    03E2AH    001D7H
                  @@CODEL  hal_serial
                                      04001H    0040EH
                  @@CODEL  timer      0440FH    0016BH
                  @@CODEL  gp2ap04vt_api
                                      0457AH    0185AH
                  @@CODEL  gp2ap04vt_firmware
                                      05DD4H    00399H
                  @@CODEL  gp2ap_i2c
                                      0616DH    001DAH
                  @@CODEL  tof        06347H    0034DH
                  @@CODEL  r_cg_serial
                                      06694H    00281H
                  @@CODEL  r_cg_port
                                      06915H    00036H
                  @@CODEL  r_cg_intc
                                      0694BH    00054H
                  @@CODEL  r_cg_timer
                                      0699FH    0008FH
                  @@CODEL  parser_tof
                                      06A2EH    00574H
         @@LCODEL                     06FA2H    000E8H  CSEG
                  @@LCODEL @stkinit   06FA2H    00044H
                  @@LCODEL exit       06FE6H    0001CH
                  @@LCODEL memcpy_f   07002H    00032H
                  @@LCODEL memcmp_f   07034H    00037H
                  @@LCODEL memset_f   0706BH    0001FH
* gap *                               0708AH    08D76H
         ??OCDROM                     0FE00H    00200H  CSEG

  MEMORY=RAM
  BASE ADDRESS=FEF00H   SIZE=01100H
         OUTPUT   INPUT    INPUT      BASE      SIZE
         SEGMENT  SEGMENT  MODULE     ADDRESS
         @@DATA                       FEF00H    000BAH  DSEG BASEP
                  @@DATA   @cstart    FEF00H    000BAH
                  @@DATA   r_systeminit
                                      FEFBAH    00000H
                  @@DATA   r_cg_cgc   FEFBAH    00000H
                  @@DATA   r_cg_cgc_user
                                      FEFBAH    00000H
                  @@DATA   r_cg_wdt   FEFBAH    00000H
                  @@DATA   main       FEFBAH    00000H
                  @@DATA   process_sys_event
                                      FEFBAH    00000H
                  @@DATA   util       FEFBAH    00000H
                  @@DATA   comm       FEFBAH    00000H
                  @@DATA   crc16      FEFBAH    00000H
                  @@DATA   parser     FEFBAH    00000H
                  @@DATA   eeprom     FEFBAH    00000H
                  @@DATA   hal_eeprom
                                      FEFBAH    00000H
                  @@DATA   hal_i2c    FEFBAH    00000H
                  @@DATA   hal_serial
                                      FEFBAH    00000H
                  @@DATA   timer      FEFBAH    00000H
                  @@DATA   gp2ap04vt_api
                                      FEFBAH    00000H
                  @@DATA   gp2ap04vt_firmware
                                      FEFBAH    00000H
                  @@DATA   gp2ap_i2c
                                      FEFBAH    00000H
                  @@DATA   tof        FEFBAH    00000H
                  @@DATA   r_cg_serial
                                      FEFBAH    00000H
                  @@DATA   r_cg_port
                                      FEFBAH    00000H
                  @@DATA   r_cg_intc
                                      FEFBAH    00000H
                  @@DATA   r_cg_timer
                                      FEFBAH    00000H
                  @@DATA   parser_tof
                                      FEFBAH    00000H
                  @@DATA   @rom       FEFBAH    00000H
         @@INIT                       FEFBAH    00000H  DSEG BASEP
                  @@INIT   @cstart    FEFBAH    00000H
                  @@INIT   r_systeminit
                                      FEFBAH    00000H
                  @@INIT   r_cg_cgc   FEFBAH    00000H
                  @@INIT   r_cg_cgc_user
                                      FEFBAH    00000H
                  @@INIT   r_cg_wdt   FEFBAH    00000H
                  @@INIT   main       FEFBAH    00000H
                  @@INIT   process_sys_event
                                      FEFBAH    00000H
                  @@INIT   util       FEFBAH    00000H
                  @@INIT   comm       FEFBAH    00000H
                  @@INIT   crc16      FEFBAH    00000H
                  @@INIT   parser     FEFBAH    00000H
                  @@INIT   eeprom     FEFBAH    00000H
                  @@INIT   hal_eeprom
                                      FEFBAH    00000H
                  @@INIT   hal_i2c    FEFBAH    00000H
                  @@INIT   hal_serial
                                      FEFBAH    00000H
                  @@INIT   timer      FEFBAH    00000H
                  @@INIT   gp2ap04vt_api
                                      FEFBAH    00000H
                  @@INIT   gp2ap04vt_firmware
                                      FEFBAH    00000H
                  @@INIT   gp2ap_i2c
                                      FEFBAH    00000H
                  @@INIT   tof        FEFBAH    00000H
                  @@INIT   r_cg_serial
                                      FEFBAH    00000H
                  @@INIT   r_cg_port
                                      FEFBAH    00000H
                  @@INIT   r_cg_intc
                                      FEFBAH    00000H
                  @@INIT   r_cg_timer
                                      FEFBAH    00000H
                  @@INIT   parser_tof
                                      FEFBAH    00000H
                  @@INIT   @rom       FEFBAH    00000H
         @@INIS                       FEFBAH    00000H  DSEG UNITP
                  @@INIS   @cstart    FEFBAH    00000H
                  @@INIS   r_systeminit
                                      FEFBAH    00000H
                  @@INIS   r_cg_cgc   FEFBAH    00000H
                  @@INIS   r_cg_cgc_user
                                      FEFBAH    00000H
                  @@INIS   r_cg_wdt   FEFBAH    00000H
                  @@INIS   main       FEFBAH    00000H
                  @@INIS   process_sys_event
                                      FEFBAH    00000H
                  @@INIS   util       FEFBAH    00000H
                  @@INIS   comm       FEFBAH    00000H
                  @@INIS   crc16      FEFBAH    00000H
                  @@INIS   parser     FEFBAH    00000H
                  @@INIS   eeprom     FEFBAH    00000H
                  @@INIS   hal_eeprom
                                      FEFBAH    00000H
                  @@INIS   hal_i2c    FEFBAH    00000H
                  @@INIS   hal_serial
                                      FEFBAH    00000H
                  @@INIS   timer      FEFBAH    00000H
                  @@INIS   gp2ap04vt_api
                                      FEFBAH    00000H
                  @@INIS   gp2ap04vt_firmware
                                      FEFBAH    00000H
                  @@INIS   gp2ap_i2c
                                      FEFBAH    00000H
                  @@INIS   tof        FEFBAH    00000H
                  @@INIS   r_cg_serial
                                      FEFBAH    00000H
                  @@INIS   r_cg_port
                                      FEFBAH    00000H
                  @@INIS   r_cg_intc
                                      FEFBAH    00000H
                  @@INIS   r_cg_timer
                                      FEFBAH    00000H
                  @@INIS   parser_tof
                                      FEFBAH    00000H
                  @@INIS   @rom       FEFBAH    00000H
         @@DATS                       FEFBAH    00000H  DSEG UNITP
                  @@DATS   @cstart    FEFBAH    00000H
                  @@DATS   r_systeminit
                                      FEFBAH    00000H
                  @@DATS   r_cg_cgc   FEFBAH    00000H
                  @@DATS   r_cg_cgc_user
                                      FEFBAH    00000H
                  @@DATS   r_cg_wdt   FEFBAH    00000H
                  @@DATS   main       FEFBAH    00000H
                  @@DATS   process_sys_event
                                      FEFBAH    00000H
                  @@DATS   util       FEFBAH    00000H
                  @@DATS   comm       FEFBAH    00000H
                  @@DATS   crc16      FEFBAH    00000H
                  @@DATS   parser     FEFBAH    00000H
                  @@DATS   eeprom     FEFBAH    00000H
                  @@DATS   hal_eeprom
                                      FEFBAH    00000H
                  @@DATS   hal_i2c    FEFBAH    00000H
                  @@DATS   hal_serial
                                      FEFBAH    00000H
                  @@DATS   timer      FEFBAH    00000H
                  @@DATS   gp2ap04vt_api
                                      FEFBAH    00000H
                  @@DATS   gp2ap04vt_firmware
                                      FEFBAH    00000H
                  @@DATS   gp2ap_i2c
                                      FEFBAH    00000H
                  @@DATS   tof        FEFBAH    00000H
                  @@DATS   r_cg_serial
                                      FEFBAH    00000H
                  @@DATS   r_cg_port
                                      FEFBAH    00000H
                  @@DATS   r_cg_intc
                                      FEFBAH    00000H
                  @@DATS   r_cg_timer
                                      FEFBAH    00000H
                  @@DATS   parser_tof
                                      FEFBAH    00000H
                  @@DATS   @rom       FEFBAH    00000H
         @@INITL                      FEFBAH    00054H  DSEG UNIT64KP
                  @@INITL  @cstart    FEFBAH    00000H
                  @@INITL  r_systeminit
                                      FEFBAH    00000H
                  @@INITL  r_cg_cgc   FEFBAH    00000H
                  @@INITL  r_cg_cgc_user
                                      FEFBAH    00000H
                  @@INITL  r_cg_wdt   FEFBAH    00000H
                  @@INITL  main       FEFBAH    00000H
                  @@INITL  process_sys_event
                                      FEFBAH    00008H
                  @@INITL  util       FEFC2H    00000H
                  @@INITL  comm       FEFC2H    00000H
                  @@INITL  crc16      FEFC2H    00000H
                  @@INITL  parser     FEFC2H    00004H
                  @@INITL  eeprom     FEFC6H    00014H
                  @@INITL  hal_eeprom
                                      FEFDAH    00000H
                  @@INITL  hal_i2c    FEFDAH    00020H
                  @@INITL  hal_serial
                                      FEFFAH    00000H
                  @@INITL  timer      FEFFAH    00004H
                  @@INITL  gp2ap04vt_api
                                      FEFFEH    00000H
                  @@INITL  gp2ap04vt_firmware
                                      FEFFEH    00000H
                  @@INITL  gp2ap_i2c
                                      FEFFEH    00000H
                  @@INITL  tof        FEFFEH    00010H
                  @@INITL  r_cg_serial
                                      FF00EH    00000H
                  @@INITL  r_cg_port
                                      FF00EH    00000H
                  @@INITL  r_cg_intc
                                      FF00EH    00000H
                  @@INITL  r_cg_timer
                                      FF00EH    00000H
                  @@INITL  parser_tof
                                      FF00EH    00000H
                  @@INITL  @rom       FF00EH    00000H
         @@DATAL                      FF00EH    0035AH  DSEG UNIT64KP
                  @@DATAL  @cstart    FF00EH    00000H
                  @@DATAL  r_systeminit
                                      FF00EH    00000H
                  @@DATAL  r_cg_cgc   FF00EH    00000H
                  @@DATAL  r_cg_cgc_user
                                      FF00EH    00000H
                  @@DATAL  r_cg_wdt   FF00EH    00000H
                  @@DATAL  main       FF00EH    00000H
                  @@DATAL  process_sys_event
                                      FF00EH    00000H
                  @@DATAL  util       FF00EH    00000H
                  @@DATAL  comm       FF00EH    00008H
                  @@DATAL  crc16      FF016H    00000H
                  @@DATAL  parser     FF016H    0022EH
                  @@DATAL  eeprom     FF244H    00016H
                  @@DATAL  hal_eeprom
                                      FF25AH    00012H
                  @@DATAL  hal_i2c    FF26CH    00000H
                  @@DATAL  hal_serial
                                      FF26CH    0006EH
                  @@DATAL  timer      FF2DAH    0002AH
                  @@DATAL  gp2ap04vt_api
                                      FF304H    00000H
                  @@DATAL  gp2ap04vt_firmware
                                      FF304H    00000H
                  @@DATAL  gp2ap_i2c
                                      FF304H    00012H
                  @@DATAL  tof        FF316H    00034H
                  @@DATAL  r_cg_serial
                                      FF34AH    0001EH
                  @@DATAL  r_cg_port
                                      FF368H    00000H
                  @@DATAL  r_cg_intc
                                      FF368H    00000H
                  @@DATAL  r_cg_timer
                                      FF368H    00000H
                  @@DATAL  parser_tof
                                      FF368H    00000H
                  @@DATAL  @rom       FF368H    00000H
         @@BITS                       FF368H    00000H  BSEG
                  @@BITS   @cstart    FF368H.0  00000H.0
                  @@BITS   r_systeminit
                                      FF368H.0  00000H.0
                  @@BITS   r_cg_cgc   FF368H.0  00000H.0
                  @@BITS   r_cg_cgc_user
                                      FF368H.0  00000H.0
                  @@BITS   r_cg_wdt   FF368H.0  00000H.0
                  @@BITS   main       FF368H.0  00000H.0
                  @@BITS   process_sys_event
                                      FF368H.0  00000H.0
                  @@BITS   util       FF368H.0  00000H.0
                  @@BITS   comm       FF368H.0  00000H.0
                  @@BITS   crc16      FF368H.0  00000H.0
                  @@BITS   parser     FF368H.0  00000H.0
                  @@BITS   eeprom     FF368H.0  00000H.0
                  @@BITS   hal_eeprom
                                      FF368H.0  00000H.0
                  @@BITS   hal_i2c    FF368H.0  00000H.0
                  @@BITS   hal_serial
                                      FF368H.0  00000H.0
                  @@BITS   timer      FF368H.0  00000H.0
                  @@BITS   gp2ap04vt_api
                                      FF368H.0  00000H.0
                  @@BITS   gp2ap04vt_firmware
                                      FF368H.0  00000H.0
                  @@BITS   gp2ap_i2c
                                      FF368H.0  00000H.0
                  @@BITS   tof        FF368H.0  00000H.0
                  @@BITS   r_cg_serial
                                      FF368H.0  00000H.0
                  @@BITS   r_cg_port
                                      FF368H.0  00000H.0
                  @@BITS   r_cg_intc
                                      FF368H.0  00000H.0
                  @@BITS   r_cg_timer
                                      FF368H.0  00000H.0
                  @@BITS   parser_tof
                                      FF368H.0  00000H.0
* gap *                               FF368H    00B6CH
         @@SEGREG                     FFED4H    00004H  DSEG AT
                  @@SEGREG @SEGREG    FFED4H    00004H
         @@RTARG0                     FFED8H    00008H  DSEG AT
                  @@RTARG0 @RTARG0    FFED8H    00008H
* gap *                               FFEE0H    00020H
* gap (Not Free Area) *               FFF00H    00100H


 Target chip : R5F100GE
 Device file : V1.14
