


78K0R Linker V1.80                            Date:20 Apr 2021 Page:   1

Command:   -yC:\Program Files (x86)\Renesas Electronics\CS+\CACX\Device\
           RL78\Devicefile -_msgoff -oDefaultBuild\Harry2_CN.lmf -gi0000
           0000000000000000h -go84h,0FE00h,512 -gb7F73E9H -mi0 -s -pDefa
           ultBuild\Harry2_CN.map C:\Program Files (x86)\Renesas Electro
           nics\CS+\CACX\CA78K0R\V1.72\lib78k0r\s0rll.rel DefaultBuild\r
           _systeminit.rel DefaultBuild\r_cg_cgc.rel DefaultBuild\r_cg_c
           gc_user.rel DefaultBuild\r_cg_serial.rel DefaultBuild\r_cg_wd
           t.rel DefaultBuild\r_cg_wdt_user.rel DefaultBuild\r_cg_adc.re
           l DefaultBuild\r_cg_timer.rel DefaultBuild\main.rel DefaultBu
           ild\process_sys_event.rel DefaultBuild\util.rel DefaultBuild\
           comm.rel DefaultBuild\crc16.rel DefaultBuild\parser.rel Defau
           ltBuild\parser_debug.rel DefaultBuild\parser_eol.rel DefaultB
           uild\display.rel DefaultBuild\display_eol.rel DefaultBuild\pr
           ocess_display.rel DefaultBuild\eeprom.rel DefaultBuild\eol.re
           l DefaultBuild\key_eol_handler.rel DefaultBuild\process_eol.r
           el DefaultBuild\error.rel DefaultBuild\err_room_level.rel Def
           aultBuild\err_temp.rel DefaultBuild\err_temp_cold_water.rel D
           efaultBuild\err_temp_hot_water.rel DefaultBuild\process_error
           .rel DefaultBuild\fct.rel DefaultBuild\key_fct_handler.rel De
           faultBuild\process_fct.rel DefaultBuild\hal_adc.rel DefaultBu
           ild\hal_eeprom.rel DefaultBuild\hal_i2c.rel DefaultBuild\hal_
           key.rel DefaultBuild\hal_level.rel DefaultBuild\hal_relay.rel
            DefaultBuild\hal_serial.rel DefaultBuild\hal_valve.rel Defau
           ltBuild\comp.rel DefaultBuild\process_make.rel DefaultBuild\r
           elay.rel DefaultBuild\valve.rel DefaultBuild\key.rel DefaultB
           uild\key_handler.rel DefaultBuild\process_key.rel DefaultBuil
           d\level.rel DefaultBuild\temp.rel DefaultBuild\temp_table.rel
            DefaultBuild\timer.rel DefaultBuild\time_short.rel DefaultBu
           ild\cold_water.rel DefaultBuild\hot_water.rel DefaultBuild\ro
           om_water.rel DefaultBuild\sound.rel DefaultBuild\heater.rel D
           efaultBuild\hal_led.rel DefaultBuild\display_error.rel Defaul
           tBuild\r_cg_port.rel DefaultBuild\r_cg_port_user.rel DefaultB
           uild\feed_pump.rel DefaultBuild\pump.rel DefaultBuild\auto_fl
           ushing.rel DefaultBuild\key_special_handler.rel DefaultBuild\
           special_mode.rel -bcl0ram.lib -bcl0rmf.lib -bcl0rm.lib -iC:\P
           rogram Files (x86)\Renesas Electronics\CS+\CACX\CA78K0R\V1.72
           \lib78k0r
Para-file:
Out-file:  DefaultBuild\Harry2_CN.lmf
Map-file:  DefaultBuild\Harry2_CN.map
Direc-file:
Directive:


*** Link information ***

   110 output segment(s)
 9A5FH byte(s) real data
  9803 symbol(s) defined


*** Memory map ***


  SPACE=REGULAR

  MEMORY=ROM
  BASE ADDRESS=00000H   SIZE=10000H
         OUTPUT   INPUT    INPUT      BASE      SIZE
         SEGMENT  SEGMENT  MODULE     ADDRESS
         @@VECT00                     00000H    00002H  CSEG AT
                  @@VECT00 @cstart    00000H    00002H
         @@CNSTL                      00002H    00000H  CSEG PAGE64KP
                  @@CNSTL  @cstart    00002H    00000H
         @@CNSTL                      00002H    00000H  CSEG PAGE64KP
                  @@CNSTL  r_systeminit
                                      00002H    00000H
         @@CNSTL                      00002H    00000H  CSEG PAGE64KP
                  @@CNSTL  r_cg_cgc   00002H    00000H
         @@CNSTL                      00002H    00000H  CSEG PAGE64KP
                  @@CNSTL  r_cg_cgc_user
                                      00002H    00000H
         @@CNSTL                      00002H    00000H  CSEG PAGE64KP
                  @@CNSTL  r_cg_serial
                                      00002H    00000H
         @@CNSTL                      00002H    00000H  CSEG PAGE64KP
                  @@CNSTL  r_cg_wdt   00002H    00000H
         @@CNSTL                      00002H    00000H  CSEG PAGE64KP
                  @@CNSTL  r_cg_wdt_user
                                      00002H    00000H
         @@CNSTL                      00002H    00000H  CSEG PAGE64KP
                  @@CNSTL  r_cg_adc   00002H    00000H
         @@CNSTL                      00002H    00000H  CSEG PAGE64KP
                  @@CNSTL  r_cg_timer
                                      00002H    00000H
         @@CNSTL                      00002H    00000H  CSEG PAGE64KP
                  @@CNSTL  main       00002H    00000H
         @@CNSTL                      00002H    00000H  CSEG PAGE64KP
                  @@CNSTL  process_sys_event
                                      00002H    00000H
         @@CNSTL                      00002H    00000H  CSEG PAGE64KP
                  @@CNSTL  util       00002H    00000H
         @@CNSTL                      00002H    00000H  CSEG PAGE64KP
                  @@CNSTL  comm       00002H    00000H
         @@CNSTL                      00002H    00000H  CSEG PAGE64KP
                  @@CNSTL  crc16      00002H    00000H
         @@CNSTL                      00002H    00000H  CSEG PAGE64KP
                  @@CNSTL  parser     00002H    00000H
         @@CNSTL                      00002H    00000H  CSEG PAGE64KP
                  @@CNSTL  parser_debug
                                      00002H    00000H
         @@CNSTL                      00002H    00000H  CSEG PAGE64KP
                  @@CNSTL  parser_eol
                                      00002H    00000H
         @@CNSTL                      00002H    00000H  CSEG PAGE64KP
                  @@CNSTL  display    00002H    00000H
         @@CNSTL                      00002H    00000H  CSEG PAGE64KP
                  @@CNSTL  display_eol
                                      00002H    00000H
         @@CNSTL                      00002H    00000H  CSEG PAGE64KP
                  @@CNSTL  process_display
                                      00002H    00000H
         @@CNSTL                      00002H    00000H  CSEG PAGE64KP
                  @@CNSTL  eeprom     00002H    00000H
         @@CNSTL                      00002H    00000H  CSEG PAGE64KP
                  @@CNSTL  eol        00002H    00000H
         @@CNSTL                      00002H    00000H  CSEG PAGE64KP
                  @@CNSTL  key_eol_handler
                                      00002H    00000H
         @@CNSTL                      00002H    00000H  CSEG PAGE64KP
                  @@CNSTL  process_eol
                                      00002H    00000H
         @@CNSTL                      00002H    00000H  CSEG PAGE64KP
                  @@CNSTL  error      00002H    00000H
         @@CNSTL                      00002H    00000H  CSEG PAGE64KP
                  @@CNSTL  err_room_level
                                      00002H    00000H
         @@CNSTL                      00002H    00000H  CSEG PAGE64KP
                  @@CNSTL  err_temp   00002H    00000H
         @@CNSTL                      00002H    00000H  CSEG PAGE64KP
                  @@CNSTL  err_temp_cold_water
                                      00002H    00000H
         @@CNSTL                      00002H    00000H  CSEG PAGE64KP
                  @@CNSTL  err_temp_hot_water
                                      00002H    00000H
         @@CNSTL                      00002H    00000H  CSEG PAGE64KP
                  @@CNSTL  process_error
                                      00002H    00000H
         @@CNSTL                      00002H    00000H  CSEG PAGE64KP
                  @@CNSTL  fct        00002H    00000H
         @@CNSTL                      00002H    00000H  CSEG PAGE64KP
                  @@CNSTL  key_fct_handler
                                      00002H    00000H
         @@CNSTL                      00002H    00000H  CSEG PAGE64KP
                  @@CNSTL  process_fct
                                      00002H    00000H
         @@CNSTL                      00002H    00000H  CSEG PAGE64KP
                  @@CNSTL  hal_adc    00002H    00000H
         @@CNSTL                      00002H    00000H  CSEG PAGE64KP
                  @@CNSTL  hal_eeprom
                                      00002H    00000H
         @@CNSTL                      00002H    00000H  CSEG PAGE64KP
                  @@CNSTL  hal_i2c    00002H    00000H
         @@CNSTL                      00002H    00000H  CSEG PAGE64KP
                  @@CNSTL  hal_key    00002H    00000H
         @@CNSTL                      00002H    00000H  CSEG PAGE64KP
                  @@CNSTL  hal_level
                                      00002H    00000H
         @@CNSTL                      00002H    00000H  CSEG PAGE64KP
                  @@CNSTL  hal_relay
                                      00002H    00000H
         @@CNSTL                      00002H    00000H  CSEG PAGE64KP
                  @@CNSTL  hal_serial
                                      00002H    00000H
         @@CNSTL                      00002H    00000H  CSEG PAGE64KP
                  @@CNSTL  hal_valve
                                      00002H    00000H
         @@CNSTL                      00002H    00000H  CSEG PAGE64KP
                  @@CNSTL  comp       00002H    00000H
         @@CNSTL                      00002H    00000H  CSEG PAGE64KP
                  @@CNSTL  process_make
                                      00002H    00000H
         @@CNSTL                      00002H    00000H  CSEG PAGE64KP
                  @@CNSTL  relay      00002H    00000H
         @@CNSTL                      00002H    00000H  CSEG PAGE64KP
                  @@CNSTL  valve      00002H    00000H
         @@CNSTL                      00002H    00000H  CSEG PAGE64KP
                  @@CNSTL  key        00002H    00000H
         @@CNSTL                      00002H    00000H  CSEG PAGE64KP
                  @@CNSTL  key_handler
                                      00002H    00000H
         @@CNSTL                      00002H    00000H  CSEG PAGE64KP
                  @@CNSTL  process_key
                                      00002H    00000H
         @@CNSTL                      00002H    00000H  CSEG PAGE64KP
                  @@CNSTL  level      00002H    00000H
         @@CNSTL                      00002H    00000H  CSEG PAGE64KP
                  @@CNSTL  temp       00002H    00000H
         @@CNSTL                      00002H    00000H  CSEG PAGE64KP
                  @@CNSTL  temp_table
                                      00002H    00000H
         @@CNSTL                      00002H    00000H  CSEG PAGE64KP
                  @@CNSTL  timer      00002H    00000H
         @@CNSTL                      00002H    00000H  CSEG PAGE64KP
                  @@CNSTL  time_short
                                      00002H    00000H
         @@CNSTL                      00002H    00000H  CSEG PAGE64KP
                  @@CNSTL  cold_water
                                      00002H    00000H
         @@CNSTL                      00002H    00000H  CSEG PAGE64KP
                  @@CNSTL  hot_water
                                      00002H    00000H
         @@CNSTL                      00002H    00000H  CSEG PAGE64KP
                  @@CNSTL  room_water
                                      00002H    00000H
         @@CNSTL                      00002H    00000H  CSEG PAGE64KP
                  @@CNSTL  sound      00002H    00000H
         @@CNSTL                      00002H    00000H  CSEG PAGE64KP
                  @@CNSTL  heater     00002H    00000H
         @@CNSTL                      00002H    00000H  CSEG PAGE64KP
                  @@CNSTL  hal_led    00002H    00000H
         @@CNSTL                      00002H    00000H  CSEG PAGE64KP
                  @@CNSTL  display_error
                                      00002H    00000H
         @@CNSTL                      00002H    00000H  CSEG PAGE64KP
                  @@CNSTL  r_cg_port
                                      00002H    00000H
         @@CNSTL                      00002H    00000H  CSEG PAGE64KP
                  @@CNSTL  r_cg_port_user
                                      00002H    00000H
         @@CNSTL                      00002H    00000H  CSEG PAGE64KP
                  @@CNSTL  feed_pump
                                      00002H    00000H
         @@CNSTL                      00002H    00000H  CSEG PAGE64KP
                  @@CNSTL  pump       00002H    00000H
         @@CNSTL                      00002H    00000H  CSEG PAGE64KP
                  @@CNSTL  auto_flushing
                                      00002H    00000H
         @@CNSTL                      00002H    00000H  CSEG PAGE64KP
                  @@CNSTL  key_special_handler
                                      00002H    00000H
         @@CNSTL                      00002H    00000H  CSEG PAGE64KP
                  @@CNSTL  special_mode
                                      00002H    00000H
         @@RLINIT                     00002H    00000H  CSEG UNIT64KP
                  @@RLINIT @cstart    00002H    00000H
                  @@RLINIT r_systeminit
                                      00002H    00000H
                  @@RLINIT r_cg_cgc   00002H    00000H
                  @@RLINIT r_cg_cgc_user
                                      00002H    00000H
                  @@RLINIT r_cg_serial
                                      00002H    00000H
                  @@RLINIT r_cg_wdt   00002H    00000H
                  @@RLINIT r_cg_wdt_user
                                      00002H    00000H
                  @@RLINIT r_cg_adc   00002H    00000H
                  @@RLINIT r_cg_timer
                                      00002H    00000H
                  @@RLINIT main       00002H    00000H
                  @@RLINIT process_sys_event
                                      00002H    00000H
                  @@RLINIT util       00002H    00000H
                  @@RLINIT comm       00002H    00000H
                  @@RLINIT crc16      00002H    00000H
                  @@RLINIT parser     00002H    00000H
                  @@RLINIT parser_debug
                                      00002H    00000H
                  @@RLINIT parser_eol
                                      00002H    00000H
                  @@RLINIT display    00002H    00000H
                  @@RLINIT display_eol
                                      00002H    00000H
                  @@RLINIT process_display
                                      00002H    00000H
                  @@RLINIT eeprom     00002H    00000H
                  @@RLINIT eol        00002H    00000H
                  @@RLINIT key_eol_handler
                                      00002H    00000H
                  @@RLINIT process_eol
                                      00002H    00000H
                  @@RLINIT error      00002H    00000H
                  @@RLINIT err_room_level
                                      00002H    00000H
                  @@RLINIT err_temp   00002H    00000H
                  @@RLINIT err_temp_cold_water
                                      00002H    00000H
                  @@RLINIT err_temp_hot_water
                                      00002H    00000H
                  @@RLINIT process_error
                                      00002H    00000H
                  @@RLINIT fct        00002H    00000H
                  @@RLINIT key_fct_handler
                                      00002H    00000H
                  @@RLINIT process_fct
                                      00002H    00000H
                  @@RLINIT hal_adc    00002H    00000H
                  @@RLINIT hal_eeprom
                                      00002H    00000H
                  @@RLINIT hal_i2c    00002H    00000H
                  @@RLINIT hal_key    00002H    00000H
                  @@RLINIT hal_level
                                      00002H    00000H
                  @@RLINIT hal_relay
                                      00002H    00000H
                  @@RLINIT hal_serial
                                      00002H    00000H
                  @@RLINIT hal_valve
                                      00002H    00000H
                  @@RLINIT comp       00002H    00000H
                  @@RLINIT process_make
                                      00002H    00000H
                  @@RLINIT relay      00002H    00000H
                  @@RLINIT valve      00002H    00000H
                  @@RLINIT key        00002H    00000H
                  @@RLINIT key_handler
                                      00002H    00000H
                  @@RLINIT process_key
                                      00002H    00000H
                  @@RLINIT level      00002H    00000H
                  @@RLINIT temp       00002H    00000H
                  @@RLINIT temp_table
                                      00002H    00000H
                  @@RLINIT timer      00002H    00000H
                  @@RLINIT time_short
                                      00002H    00000H
                  @@RLINIT cold_water
                                      00002H    00000H
                  @@RLINIT hot_water
                                      00002H    00000H
                  @@RLINIT room_water
                                      00002H    00000H
                  @@RLINIT sound      00002H    00000H
                  @@RLINIT heater     00002H    00000H
                  @@RLINIT hal_led    00002H    00000H
                  @@RLINIT display_error
                                      00002H    00000H
                  @@RLINIT r_cg_port
                                      00002H    00000H
                  @@RLINIT r_cg_port_user
                                      00002H    00000H
                  @@RLINIT feed_pump
                                      00002H    00000H
                  @@RLINIT pump       00002H    00000H
                  @@RLINIT auto_flushing
                                      00002H    00000H
                  @@RLINIT key_special_handler
                                      00002H    00000H
                  @@RLINIT special_mode
                                      00002H    00000H
                  @@RLINIT @rom       00002H    00000H
         @@R_INIS                     00002H    00000H  CSEG UNIT64KP
                  @@R_INIS @cstart    00002H    00000H
                  @@R_INIS r_systeminit
                                      00002H    00000H
                  @@R_INIS r_cg_cgc   00002H    00000H
                  @@R_INIS r_cg_cgc_user
                                      00002H    00000H
                  @@R_INIS r_cg_serial
                                      00002H    00000H
                  @@R_INIS r_cg_wdt   00002H    00000H
                  @@R_INIS r_cg_wdt_user
                                      00002H    00000H
                  @@R_INIS r_cg_adc   00002H    00000H
                  @@R_INIS r_cg_timer
                                      00002H    00000H
                  @@R_INIS main       00002H    00000H
                  @@R_INIS process_sys_event
                                      00002H    00000H
                  @@R_INIS util       00002H    00000H
                  @@R_INIS comm       00002H    00000H
                  @@R_INIS crc16      00002H    00000H
                  @@R_INIS parser     00002H    00000H
                  @@R_INIS parser_debug
                                      00002H    00000H
                  @@R_INIS parser_eol
                                      00002H    00000H
                  @@R_INIS display    00002H    00000H
                  @@R_INIS display_eol
                                      00002H    00000H
                  @@R_INIS process_display
                                      00002H    00000H
                  @@R_INIS eeprom     00002H    00000H
                  @@R_INIS eol        00002H    00000H
                  @@R_INIS key_eol_handler
                                      00002H    00000H
                  @@R_INIS process_eol
                                      00002H    00000H
                  @@R_INIS error      00002H    00000H
                  @@R_INIS err_room_level
                                      00002H    00000H
                  @@R_INIS err_temp   00002H    00000H
                  @@R_INIS err_temp_cold_water
                                      00002H    00000H
                  @@R_INIS err_temp_hot_water
                                      00002H    00000H
                  @@R_INIS process_error
                                      00002H    00000H
                  @@R_INIS fct        00002H    00000H
                  @@R_INIS key_fct_handler
                                      00002H    00000H
                  @@R_INIS process_fct
                                      00002H    00000H
                  @@R_INIS hal_adc    00002H    00000H
                  @@R_INIS hal_eeprom
                                      00002H    00000H
                  @@R_INIS hal_i2c    00002H    00000H
                  @@R_INIS hal_key    00002H    00000H
                  @@R_INIS hal_level
                                      00002H    00000H
                  @@R_INIS hal_relay
                                      00002H    00000H
                  @@R_INIS hal_serial
                                      00002H    00000H
                  @@R_INIS hal_valve
                                      00002H    00000H
                  @@R_INIS comp       00002H    00000H
                  @@R_INIS process_make
                                      00002H    00000H
                  @@R_INIS relay      00002H    00000H
                  @@R_INIS valve      00002H    00000H
                  @@R_INIS key        00002H    00000H
                  @@R_INIS key_handler
                                      00002H    00000H
                  @@R_INIS process_key
                                      00002H    00000H
                  @@R_INIS level      00002H    00000H
                  @@R_INIS temp       00002H    00000H
                  @@R_INIS temp_table
                                      00002H    00000H
                  @@R_INIS timer      00002H    00000H
                  @@R_INIS time_short
                                      00002H    00000H
                  @@R_INIS cold_water
                                      00002H    00000H
                  @@R_INIS hot_water
                                      00002H    00000H
                  @@R_INIS room_water
                                      00002H    00000H
                  @@R_INIS sound      00002H    00000H
                  @@R_INIS heater     00002H    00000H
                  @@R_INIS hal_led    00002H    00000H
                  @@R_INIS display_error
                                      00002H    00000H
                  @@R_INIS r_cg_port
                                      00002H    00000H
                  @@R_INIS r_cg_port_user
                                      00002H    00000H
                  @@R_INIS feed_pump
                                      00002H    00000H
                  @@R_INIS pump       00002H    00000H
                  @@R_INIS auto_flushing
                                      00002H    00000H
                  @@R_INIS key_special_handler
                                      00002H    00000H
                  @@R_INIS special_mode
                                      00002H    00000H
                  @@R_INIS @rom       00002H    00000H
         @@CALT                       00002H    00000H  CSEG
                  @@CALT   @cstart    00002H    00000H
                  @@CALT   r_systeminit
                                      00002H    00000H
                  @@CALT   r_cg_cgc   00002H    00000H
                  @@CALT   r_cg_cgc_user
                                      00002H    00000H
                  @@CALT   r_cg_serial
                                      00002H    00000H
                  @@CALT   r_cg_wdt   00002H    00000H
                  @@CALT   r_cg_wdt_user
                                      00002H    00000H
                  @@CALT   r_cg_adc   00002H    00000H
                  @@CALT   r_cg_timer
                                      00002H    00000H
                  @@CALT   main       00002H    00000H
                  @@CALT   process_sys_event
                                      00002H    00000H
                  @@CALT   util       00002H    00000H
                  @@CALT   comm       00002H    00000H
                  @@CALT   crc16      00002H    00000H
                  @@CALT   parser     00002H    00000H
                  @@CALT   parser_debug
                                      00002H    00000H
                  @@CALT   parser_eol
                                      00002H    00000H
                  @@CALT   display    00002H    00000H
                  @@CALT   display_eol
                                      00002H    00000H
                  @@CALT   process_display
                                      00002H    00000H
                  @@CALT   eeprom     00002H    00000H
                  @@CALT   eol        00002H    00000H
                  @@CALT   key_eol_handler
                                      00002H    00000H
                  @@CALT   process_eol
                                      00002H    00000H
                  @@CALT   error      00002H    00000H
                  @@CALT   err_room_level
                                      00002H    00000H
                  @@CALT   err_temp   00002H    00000H
                  @@CALT   err_temp_cold_water
                                      00002H    00000H
                  @@CALT   err_temp_hot_water
                                      00002H    00000H
                  @@CALT   process_error
                                      00002H    00000H
                  @@CALT   fct        00002H    00000H
                  @@CALT   key_fct_handler
                                      00002H    00000H
                  @@CALT   process_fct
                                      00002H    00000H
                  @@CALT   hal_adc    00002H    00000H
                  @@CALT   hal_eeprom
                                      00002H    00000H
                  @@CALT   hal_i2c    00002H    00000H
                  @@CALT   hal_key    00002H    00000H
                  @@CALT   hal_level
                                      00002H    00000H
                  @@CALT   hal_relay
                                      00002H    00000H
                  @@CALT   hal_serial
                                      00002H    00000H
                  @@CALT   hal_valve
                                      00002H    00000H
                  @@CALT   comp       00002H    00000H
                  @@CALT   process_make
                                      00002H    00000H
                  @@CALT   relay      00002H    00000H
                  @@CALT   valve      00002H    00000H
                  @@CALT   key        00002H    00000H
                  @@CALT   key_handler
                                      00002H    00000H
                  @@CALT   process_key
                                      00002H    00000H
                  @@CALT   level      00002H    00000H
                  @@CALT   temp       00002H    00000H
                  @@CALT   temp_table
                                      00002H    00000H
                  @@CALT   timer      00002H    00000H
                  @@CALT   time_short
                                      00002H    00000H
                  @@CALT   cold_water
                                      00002H    00000H
                  @@CALT   hot_water
                                      00002H    00000H
                  @@CALT   room_water
                                      00002H    00000H
                  @@CALT   sound      00002H    00000H
                  @@CALT   heater     00002H    00000H
                  @@CALT   hal_led    00002H    00000H
                  @@CALT   display_error
                                      00002H    00000H
                  @@CALT   r_cg_port
                                      00002H    00000H
                  @@CALT   r_cg_port_user
                                      00002H    00000H
                  @@CALT   feed_pump
                                      00002H    00000H
                  @@CALT   pump       00002H    00000H
                  @@CALT   auto_flushing
                                      00002H    00000H
                  @@CALT   key_special_handler
                                      00002H    00000H
                  @@CALT   special_mode
                                      00002H    00000H
         ??NMIROM                     00002H    00002H  CSEG
         @@CNSTL                      00004H    00012H  CSEG PAGE64KP
                  @@CNSTL  m___ftoa_n
                                      00004H    00012H
* gap *                               00016H    0000EH
         @@VECT24                     00024H    00004H  CSEG AT
                  @@VECT24 hal_serial
                                      00024H    00004H
* gap *                               00028H    00002H
         @@VECT2A                     0002AH    00002H  CSEG AT
                  @@VECT2A hal_i2c    0002AH    00002H
         @@VECT2C                     0002CH    00002H  CSEG AT
                  @@VECT2C timer      0002CH    00002H
         @@VECT2E                     0002EH    00002H  CSEG AT
                  @@VECT2E hal_led    0002EH    00002H
         @@CNSTL                      00030H    00078H  CSEG PAGE64KP
                  @@CNSTL  m_fexpx    00030H    00078H
* gap *                               000A8H    00018H
         ?CSEGOB0                     000C0H    00004H  CSEG OPT_BYTE
         @@CODE                       000C4H    00000H  CSEG BASE
                  @@CODE   r_systeminit
                                      000C4H    00000H
                  @@CODE   r_cg_cgc   000C4H    00000H
                  @@CODE   r_cg_cgc_user
                                      000C4H    00000H
                  @@CODE   r_cg_serial
                                      000C4H    00000H
                  @@CODE   r_cg_wdt   000C4H    00000H
                  @@CODE   r_cg_wdt_user
                                      000C4H    00000H
                  @@CODE   r_cg_adc   000C4H    00000H
                  @@CODE   r_cg_timer
                                      000C4H    00000H
                  @@CODE   main       000C4H    00000H
                  @@CODE   process_sys_event
                                      000C4H    00000H
                  @@CODE   util       000C4H    00000H
                  @@CODE   comm       000C4H    00000H
                  @@CODE   crc16      000C4H    00000H
                  @@CODE   parser     000C4H    00000H
                  @@CODE   parser_debug
                                      000C4H    00000H
                  @@CODE   parser_eol
                                      000C4H    00000H
                  @@CODE   display    000C4H    00000H
                  @@CODE   display_eol
                                      000C4H    00000H
                  @@CODE   process_display
                                      000C4H    00000H
                  @@CODE   eeprom     000C4H    00000H
                  @@CODE   eol        000C4H    00000H
                  @@CODE   key_eol_handler
                                      000C4H    00000H
                  @@CODE   process_eol
                                      000C4H    00000H
                  @@CODE   error      000C4H    00000H
                  @@CODE   err_room_level
                                      000C4H    00000H
                  @@CODE   err_temp   000C4H    00000H
                  @@CODE   err_temp_cold_water
                                      000C4H    00000H
                  @@CODE   err_temp_hot_water
                                      000C4H    00000H
                  @@CODE   process_error
                                      000C4H    00000H
                  @@CODE   fct        000C4H    00000H
                  @@CODE   key_fct_handler
                                      000C4H    00000H
                  @@CODE   process_fct
                                      000C4H    00000H
                  @@CODE   hal_adc    000C4H    00000H
                  @@CODE   hal_eeprom
                                      000C4H    00000H
                  @@CODE   hal_i2c    000C4H    00000H
                  @@CODE   hal_key    000C4H    00000H
                  @@CODE   hal_level
                                      000C4H    00000H
                  @@CODE   hal_relay
                                      000C4H    00000H
                  @@CODE   hal_serial
                                      000C4H    00000H
                  @@CODE   hal_valve
                                      000C4H    00000H
                  @@CODE   comp       000C4H    00000H
                  @@CODE   process_make
                                      000C4H    00000H
                  @@CODE   relay      000C4H    00000H
                  @@CODE   valve      000C4H    00000H
                  @@CODE   key        000C4H    00000H
                  @@CODE   key_handler
                                      000C4H    00000H
                  @@CODE   process_key
                                      000C4H    00000H
                  @@CODE   level      000C4H    00000H
                  @@CODE   temp       000C4H    00000H
                  @@CODE   temp_table
                                      000C4H    00000H
                  @@CODE   timer      000C4H    00000H
                  @@CODE   time_short
                                      000C4H    00000H
                  @@CODE   cold_water
                                      000C4H    00000H
                  @@CODE   hot_water
                                      000C4H    00000H
                  @@CODE   room_water
                                      000C4H    00000H
                  @@CODE   sound      000C4H    00000H
                  @@CODE   heater     000C4H    00000H
                  @@CODE   hal_led    000C4H    00000H
                  @@CODE   display_error
                                      000C4H    00000H
                  @@CODE   r_cg_port
                                      000C4H    00000H
                  @@CODE   r_cg_port_user
                                      000C4H    00000H
                  @@CODE   feed_pump
                                      000C4H    00000H
                  @@CODE   pump       000C4H    00000H
                  @@CODE   auto_flushing
                                      000C4H    00000H
                  @@CODE   key_special_handler
                                      000C4H    00000H
                  @@CODE   special_mode
                                      000C4H    00000H
         ?CSEGSI                      000C4H    0000AH  CSEG
         ?OCDSTAD                     000CEH    0000AH  CSEG
         @@LCODE                      000D8H    00971H  CSEG BASE
                  @@LCODE  @cstart    000D8H    000ADH
                  @@LCODE  @imul      00185H    00011H
                  @@LCODE  @lmul      00196H    0002BH
                  @@LCODE  @cudiv     001C1H    00034H
                  @@LCODE  @curem     001F5H    00036H
                  @@LCODE  @ludiv     0022BH    0003FH
                  @@LCODE  @divuw     0026AH    00034H
                  @@LCODE  m_fmul     0029EH    0012BH
                  @@LCODE  m_fcom1    003C9H    000CFH
                  @@LCODE  m_fcom5    00498H    0002AH
                  @@LCODE  m_fcom6    004C2H    0001FH
                  @@LCODE  m_fcmp     004E1H    00073H
                  @@LCODE  m_ftols    00554H    00078H
                  @@LCODE  m_ftolu    005CCH    0002BH
                  @@LCODE  m_lstof    005F7H    00016H
                  @@LCODE  m_lutof    0060DH    0004DH
                  @@LCODE  m_fmulx    0065AH    0013AH
                  @@LCODE  m_fadd     00794H    0013AH
                  @@LCODE  m_fdivx    008CEH    0011BH
                  @@LCODE  @lcom      009E9H    0000DH
                  @@LCODE  @lursh     009F6H    0001FH
                  @@LCODE  @iscmp     00A15H    0000CH
                  @@LCODE  @lband     00A21H    00014H
                  @@LCODE  @lbor      00A35H    00014H
         @@BASE                       00A49H    0012BH  CSEG BASE
                  @@BASE   r_systeminit
                                      00A49H    00000H
                  @@BASE   r_cg_cgc   00A49H    00000H
                  @@BASE   r_cg_cgc_user
                                      00A49H    00000H
                  @@BASE   r_cg_serial
                                      00A49H    00000H
                  @@BASE   r_cg_wdt   00A49H    00000H
                  @@BASE   r_cg_wdt_user
                                      00A49H    00000H
                  @@BASE   r_cg_adc   00A49H    00000H
                  @@BASE   r_cg_timer
                                      00A49H    00000H
                  @@BASE   main       00A49H    00000H
                  @@BASE   process_sys_event
                                      00A49H    00000H
                  @@BASE   util       00A49H    00000H
                  @@BASE   comm       00A49H    00000H
                  @@BASE   crc16      00A49H    00000H
                  @@BASE   parser     00A49H    00000H
                  @@BASE   parser_debug
                                      00A49H    00000H
                  @@BASE   parser_eol
                                      00A49H    00000H
                  @@BASE   display    00A49H    00000H
                  @@BASE   display_eol
                                      00A49H    00000H
                  @@BASE   process_display
                                      00A49H    00000H
                  @@BASE   eeprom     00A49H    00000H
                  @@BASE   eol        00A49H    00000H
                  @@BASE   key_eol_handler
                                      00A49H    00000H
                  @@BASE   process_eol
                                      00A49H    00000H
                  @@BASE   error      00A49H    00000H
                  @@BASE   err_room_level
                                      00A49H    00000H
                  @@BASE   err_temp   00A49H    00000H
                  @@BASE   err_temp_cold_water
                                      00A49H    00000H
                  @@BASE   err_temp_hot_water
                                      00A49H    00000H
                  @@BASE   process_error
                                      00A49H    00000H
                  @@BASE   fct        00A49H    00000H
                  @@BASE   key_fct_handler
                                      00A49H    00000H
                  @@BASE   process_fct
                                      00A49H    00000H
                  @@BASE   hal_adc    00A49H    00000H
                  @@BASE   hal_eeprom
                                      00A49H    00000H
                  @@BASE   hal_i2c    00A49H    00038H
                  @@BASE   hal_key    00A81H    00000H
                  @@BASE   hal_level
                                      00A81H    00000H
                  @@BASE   hal_relay
                                      00A81H    00000H
                  @@BASE   hal_serial
                                      00A81H    000ADH
                  @@BASE   hal_valve
                                      00B2EH    00000H
                  @@BASE   comp       00B2EH    00000H
                  @@BASE   process_make
                                      00B2EH    00000H
                  @@BASE   relay      00B2EH    00000H
                  @@BASE   valve      00B2EH    00000H
                  @@BASE   key        00B2EH    00000H
                  @@BASE   key_handler
                                      00B2EH    00000H
                  @@BASE   process_key
                                      00B2EH    00000H
                  @@BASE   level      00B2EH    00000H
                  @@BASE   temp       00B2EH    00000H
                  @@BASE   temp_table
                                      00B2EH    00000H
                  @@BASE   timer      00B2EH    00044H
                  @@BASE   time_short
                                      00B72H    00000H
                  @@BASE   cold_water
                                      00B72H    00000H
                  @@BASE   hot_water
                                      00B72H    00000H
                  @@BASE   room_water
                                      00B72H    00000H
                  @@BASE   sound      00B72H    00000H
                  @@BASE   heater     00B72H    00000H
                  @@BASE   hal_led    00B72H    00002H
                  @@BASE   display_error
                                      00B74H    00000H
                  @@BASE   r_cg_port
                                      00B74H    00000H
                  @@BASE   r_cg_port_user
                                      00B74H    00000H
                  @@BASE   feed_pump
                                      00B74H    00000H
                  @@BASE   pump       00B74H    00000H
                  @@BASE   auto_flushing
                                      00B74H    00000H
                  @@BASE   key_special_handler
                                      00B74H    00000H
                  @@BASE   special_mode
                                      00B74H    00000H
         @@CNSTL                      00B74H    000CEH  CSEG PAGE64KP
                  @@CNSTL  m_fcom5    00B74H    000CEH
         @@CNSTL                      00C42H    0001EH  CSEG PAGE64KP
                  @@CNSTL  m_flogx    00C42H    0001EH
         @@R_INIT                     00C60H    001FAH  CSEG UNIT64KP
                  @@R_INIT @cstart    00C60H    00000H
                  @@R_INIT r_systeminit
                                      00C60H    00000H
                  @@R_INIT r_cg_cgc   00C60H    00000H
                  @@R_INIT r_cg_cgc_user
                                      00C60H    00000H
                  @@R_INIT r_cg_serial
                                      00C60H    00000H
                  @@R_INIT r_cg_wdt   00C60H    00000H
                  @@R_INIT r_cg_wdt_user
                                      00C60H    00000H
                  @@R_INIT r_cg_adc   00C60H    00000H
                  @@R_INIT r_cg_timer
                                      00C60H    00000H
                  @@R_INIT main       00C60H    00000H
                  @@R_INIT process_sys_event
                                      00C60H    00000H
                  @@R_INIT util       00C60H    00000H
                  @@R_INIT comm       00C60H    00000H
                  @@R_INIT crc16      00C60H    00000H
                  @@R_INIT parser     00C60H    00004H
                  @@R_INIT parser_debug
                                      00C64H    0000CH
                  @@R_INIT parser_eol
                                      00C70H    00002H
                  @@R_INIT display    00C72H    00002H
                  @@R_INIT display_eol
                                      00C74H    00000H
                  @@R_INIT process_display
                                      00C74H    00008H
                  @@R_INIT eeprom     00C7CH    00014H
                  @@R_INIT eol        00C90H    00000H
                  @@R_INIT key_eol_handler
                                      00C90H    00000H
                  @@R_INIT process_eol
                                      00C90H    00006H
                  @@R_INIT error      00C96H    00000H
                  @@R_INIT err_room_level
                                      00C96H    00002H
                  @@R_INIT err_temp   00C98H    00000H
                  @@R_INIT err_temp_cold_water
                                      00C98H    00004H
                  @@R_INIT err_temp_hot_water
                                      00C9CH    00004H
                  @@R_INIT process_error
                                      00CA0H    0004EH
                  @@R_INIT fct        00CEEH    00000H
                  @@R_INIT key_fct_handler
                                      00CEEH    00000H
                  @@R_INIT process_fct
                                      00CEEH    00002H
                  @@R_INIT hal_adc    00CF0H    00036H
                  @@R_INIT hal_eeprom
                                      00D26H    00000H
                  @@R_INIT hal_i2c    00D26H    00018H
                  @@R_INIT hal_key    00D3EH    00000H
                  @@R_INIT hal_level
                                      00D3EH    00000H
                  @@R_INIT hal_relay
                                      00D3EH    00000H
                  @@R_INIT hal_serial
                                      00D3EH    00000H
                  @@R_INIT hal_valve
                                      00D3EH    00000H
                  @@R_INIT comp       00D3EH    00000H
                  @@R_INIT process_make
                                      00D3EH    00002H
                  @@R_INIT relay      00D40H    00000H
                  @@R_INIT valve      00D40H    00000H
                  @@R_INIT key        00D40H    00010H
                  @@R_INIT key_handler
                                      00D50H    00082H
                  @@R_INIT process_key
                                      00DD2H    00006H
                  @@R_INIT level      00DD8H    00024H
                  @@R_INIT temp       00DFCH    00024H
                  @@R_INIT temp_table
                                      00E20H    00000H
                  @@R_INIT timer      00E20H    00004H
                  @@R_INIT time_short
                                      00E24H    00002H
                  @@R_INIT cold_water
                                      00E26H    00000H
                  @@R_INIT hot_water
                                      00E26H    00002H
                  @@R_INIT room_water
                                      00E28H    00000H
                  @@R_INIT sound      00E28H    00004H
                  @@R_INIT heater     00E2CH    00000H
                  @@R_INIT hal_led    00E2CH    00000H
                  @@R_INIT display_error
                                      00E2CH    0001EH
                  @@R_INIT r_cg_port
                                      00E4AH    00000H
                  @@R_INIT r_cg_port_user
                                      00E4AH    00000H
                  @@R_INIT feed_pump
                                      00E4AH    0000AH
                  @@R_INIT pump       00E54H    00002H
                  @@R_INIT auto_flushing
                                      00E56H    00004H
                  @@R_INIT key_special_handler
                                      00E5AH    00000H
                  @@R_INIT special_mode
                                      00E5AH    00000H
                  @@R_INIT @rom       00E5AH    00000H
         @@LCODEL                     00E5AH    00C90H  CSEG
                  @@LCODEL sprintf_n
                                      00E5AH    004F4H
                  @@LCODEL m___ftoa_n
                                      0134EH    0049CH
                  @@LCODEL m_fsubx    017EAH    00006H
                  @@LCODEL m_fcom3    017F0H    0007FH
                  @@LCODEL m_fexpx    0186FH    000C2H
                  @@LCODEL m_fcom2    01931H    0003CH
                  @@LCODEL m_flogx    0196DH    000C5H
                  @@LCODEL @stkinit   01A32H    00044H
                  @@LCODEL exit       01A76H    0001CH
                  @@LCODEL memcpy_n   01A92H    0001AH
                  @@LCODEL memcmp_n   01AACH    0001FH
                  @@LCODEL memset_n   01ACBH    00019H
                  @@LCODEL putchar    01AE4H    00006H
* gap *                               01AEAH    00516H
         @@CNST                       02000H    02148H  CSEG MIRRORP
                  @@CNST   @cstart    02000H    00000H
                  @@CNST   r_systeminit
                                      02000H    00000H
                  @@CNST   r_cg_cgc   02000H    00000H
                  @@CNST   r_cg_cgc_user
                                      02000H    00000H
                  @@CNST   r_cg_serial
                                      02000H    00000H
                  @@CNST   r_cg_wdt   02000H    00000H
                  @@CNST   r_cg_wdt_user
                                      02000H    00000H
                  @@CNST   r_cg_adc   02000H    00000H
                  @@CNST   r_cg_timer
                                      02000H    00000H
                  @@CNST   main       02000H    00000H
                  @@CNST   process_sys_event
                                      02000H    00042H
                  @@CNST   util       02042H    00000H
                  @@CNST   comm       02042H    00000H
                  @@CNST   crc16      02042H    00200H
                  @@CNST   parser     02242H    00014H
                  @@CNST   parser_debug
                                      02256H    00104H
                  @@CNST   parser_eol
                                      0235AH    00128H
                  @@CNST   display    02482H    00000H
                  @@CNST   display_eol
                                      02482H    00000H
                  @@CNST   process_display
                                      02482H    00000H
                  @@CNST   eeprom     02482H    00010H
                  @@CNST   eol        02492H    00000H
                  @@CNST   key_eol_handler
                                      02492H    00034H
                  @@CNST   process_eol
                                      024C6H    00000H
                  @@CNST   error      024C6H    00000H
                  @@CNST   err_room_level
                                      024C6H    00000H
                  @@CNST   err_temp   024C6H    00000H
                  @@CNST   err_temp_cold_water
                                      024C6H    00000H
                  @@CNST   err_temp_hot_water
                                      024C6H    00000H
                  @@CNST   process_error
                                      024C6H    00000H
                  @@CNST   fct        024C6H    00000H
                  @@CNST   key_fct_handler
                                      024C6H    0001AH
                  @@CNST   process_fct
                                      024E0H    00000H
                  @@CNST   hal_adc    024E0H    00000H
                  @@CNST   hal_eeprom
                                      024E0H    00004H
                  @@CNST   hal_i2c    024E4H    00000H
                  @@CNST   hal_key    024E4H    00000H
                  @@CNST   hal_level
                                      024E4H    00000H
                  @@CNST   hal_relay
                                      024E4H    00000H
                  @@CNST   hal_serial
                                      024E4H    00000H
                  @@CNST   hal_valve
                                      024E4H    00000H
                  @@CNST   comp       024E4H    00000H
                  @@CNST   process_make
                                      024E4H    00000H
                  @@CNST   relay      024E4H    00000H
                  @@CNST   valve      024E4H    00000H
                  @@CNST   key        024E4H    00000H
                  @@CNST   key_handler
                                      024E4H    00000H
                  @@CNST   process_key
                                      024E4H    00000H
                  @@CNST   level      024E4H    00000H
                  @@CNST   temp       024E4H    00000H
                  @@CNST   temp_table
                                      024E4H    01BE0H
                  @@CNST   timer      040C4H    00000H
                  @@CNST   time_short
                                      040C4H    00000H
                  @@CNST   cold_water
                                      040C4H    00008H
                  @@CNST   hot_water
                                      040CCH    00020H
                  @@CNST   room_water
                                      040ECH    00000H
                  @@CNST   sound      040ECH    00000H
                  @@CNST   heater     040ECH    00000H
                  @@CNST   hal_led    040ECH    00000H
                  @@CNST   display_error
                                      040ECH    00000H
                  @@CNST   r_cg_port
                                      040ECH    00000H
                  @@CNST   r_cg_port_user
                                      040ECH    00000H
                  @@CNST   feed_pump
                                      040ECH    00000H
                  @@CNST   pump       040ECH    00028H
                  @@CNST   auto_flushing
                                      04114H    00000H
                  @@CNST   key_special_handler
                                      04114H    00034H
                  @@CNST   special_mode
                                      04148H    00000H
         @@CODEL                      04148H    05C55H  CSEG
                  @@CODEL  r_systeminit
                                      04148H    0002FH
                  @@CODEL  r_cg_cgc   04177H    00017H
                  @@CODEL  r_cg_cgc_user
                                      0418EH    00005H
                  @@CODEL  r_cg_serial
                                      04193H    00243H
                  @@CODEL  r_cg_wdt   043D6H    0000BH
                  @@CODEL  r_cg_wdt_user
                                      043E1H    00000H
                  @@CODEL  r_cg_adc   043E1H    00047H
                  @@CODEL  r_cg_timer
                                      04428H    000E7H
                  @@CODEL  main       0450FH    00089H
                  @@CODEL  process_sys_event
                                      04598H    002C7H
                  @@CODEL  util       0485FH    0012DH
                  @@CODEL  comm       0498CH    000BEH
                  @@CODEL  crc16      04A4AH    00090H
                  @@CODEL  parser     04ADAH    001EFH
                  @@CODEL  parser_debug
                                      04CC9H    00424H
                  @@CODEL  parser_eol
                                      050EDH    0075BH
                  @@CODEL  display    05848H    00095H
                  @@CODEL  display_eol
                                      058DDH    00017H
                  @@CODEL  process_display
                                      058F4H    00623H
                  @@CODEL  eeprom     05F17H    0044DH
                  @@CODEL  eol        06364H    00171H
                  @@CODEL  key_eol_handler
                                      064D5H    000A7H
                  @@CODEL  process_eol
                                      0657CH    000E4H
                  @@CODEL  error      06660H    002B0H
                  @@CODEL  err_room_level
                                      06910H    000D0H
                  @@CODEL  err_temp   069E0H    0007EH
                  @@CODEL  err_temp_cold_water
                                      06A5EH    0004BH
                  @@CODEL  err_temp_hot_water
                                      06AA9H    00041H
                  @@CODEL  process_error
                                      06AEAH    0014CH
                  @@CODEL  fct        06C36H    00142H
                  @@CODEL  key_fct_handler
                                      06D78H    000E5H
                  @@CODEL  process_fct
                                      06E5DH    00097H
                  @@CODEL  hal_adc    06EF4H    002BBH
                  @@CODEL  hal_eeprom
                                      071AFH    00523H
                  @@CODEL  hal_i2c    076D2H    00167H
                  @@CODEL  hal_key    07839H    00045H
                  @@CODEL  hal_level
                                      0787EH    00050H
                  @@CODEL  hal_relay
                                      078CEH    00028H
                  @@CODEL  hal_serial
                                      078F6H    0020EH
                  @@CODEL  hal_valve
                                      07B04H    0003CH
                  @@CODEL  comp       07B40H    001A1H
                  @@CODEL  process_make
                                      07CE1H    000BAH
                  @@CODEL  relay      07D9BH    001F7H
                  @@CODEL  valve      07F92H    00158H
                  @@CODEL  key        080EAH    00101H
                  @@CODEL  key_handler
                                      081EBH    001C8H
                  @@CODEL  process_key
                                      083B3H    0039CH
                  @@CODEL  level      0874FH    00262H
                  @@CODEL  temp       089B1H    00243H
                  @@CODEL  temp_table
                                      08BF4H    00076H
                  @@CODEL  timer      08C6AH    00134H
                  @@CODEL  time_short
                                      08D9EH    00129H
                  @@CODEL  cold_water
                                      08EC7H    002CDH
                  @@CODEL  hot_water
                                      09194H    002C5H
                  @@CODEL  room_water
                                      09459H    000F8H
                  @@CODEL  sound      09551H    00024H
                  @@CODEL  heater     09575H    000A9H
                  @@CODEL  hal_led    0961EH    000AEH
                  @@CODEL  display_error
                                      096CCH    0015AH
                  @@CODEL  r_cg_port
                                      09826H    00045H
                  @@CODEL  r_cg_port_user
                                      0986BH    00000H
                  @@CODEL  feed_pump
                                      0986BH    0019EH
                  @@CODEL  pump       09A09H    001A1H
                  @@CODEL  auto_flushing
                                      09BAAH    00105H
                  @@CODEL  key_special_handler
                                      09CAFH    00089H
                  @@CODEL  special_mode
                                      09D38H    00065H
* gap *                               09D9DH    06063H
         ??OCDROM                     0FE00H    00200H  CSEG

  MEMORY=RAM
  BASE ADDRESS=FEF00H   SIZE=01100H
         OUTPUT   INPUT    INPUT      BASE      SIZE
         SEGMENT  SEGMENT  MODULE     ADDRESS
         @@DATA                       FEF00H    00896H  DSEG BASEP
                  @@DATA   @cstart    FEF00H    000BAH
                  @@DATA   r_systeminit
                                      FEFBAH    00000H
                  @@DATA   r_cg_cgc   FEFBAH    00000H
                  @@DATA   r_cg_cgc_user
                                      FEFBAH    00000H
                  @@DATA   r_cg_serial
                                      FEFBAH    00016H
                  @@DATA   r_cg_wdt   FEFD0H    00000H
                  @@DATA   r_cg_wdt_user
                                      FEFD0H    00000H
                  @@DATA   r_cg_adc   FEFD0H    00000H
                  @@DATA   r_cg_timer
                                      FEFD0H    00000H
                  @@DATA   main       FEFD0H    00000H
                  @@DATA   process_sys_event
                                      FEFD0H    00000H
                  @@DATA   util       FEFD0H    00000H
                  @@DATA   comm       FEFD0H    00002H
                  @@DATA   crc16      FEFD2H    00000H
                  @@DATA   parser     FEFD2H    0030CH
                  @@DATA   parser_debug
                                      FF2DEH    00000H
                  @@DATA   parser_eol
                                      FF2DEH    00000H
                  @@DATA   display    FF2DEH    00000H
                  @@DATA   display_eol
                                      FF2DEH    00000H
                  @@DATA   process_display
                                      FF2DEH    00016H
                  @@DATA   eeprom     FF2F4H    00016H
                  @@DATA   eol        FF30AH    00012H
                  @@DATA   key_eol_handler
                                      FF31CH    00000H
                  @@DATA   process_eol
                                      FF31CH    00006H
                  @@DATA   error      FF322H    00042H
                  @@DATA   err_room_level
                                      FF364H    00000H
                  @@DATA   err_temp   FF364H    00000H
                  @@DATA   err_temp_cold_water
                                      FF364H    00000H
                  @@DATA   err_temp_hot_water
                                      FF364H    00000H
                  @@DATA   process_error
                                      FF364H    00000H
                  @@DATA   fct        FF364H    0000AH
                  @@DATA   key_fct_handler
                                      FF36EH    00000H
                  @@DATA   process_fct
                                      FF36EH    00000H
                  @@DATA   hal_adc    FF36EH    0001CH
                  @@DATA   hal_eeprom
                                      FF38AH    00012H
                  @@DATA   hal_i2c    FF39CH    00000H
                  @@DATA   hal_key    FF39CH    00004H
                  @@DATA   hal_level
                                      FF3A0H    00000H
                  @@DATA   hal_relay
                                      FF3A0H    00000H
                  @@DATA   hal_serial
                                      FF3A0H    00306H
                  @@DATA   hal_valve
                                      FF6A6H    00000H
                  @@DATA   comp       FF6A6H    0000EH
                  @@DATA   process_make
                                      FF6B4H    00000H
                  @@DATA   relay      FF6B4H    0000EH
                  @@DATA   valve      FF6C2H    00008H
                  @@DATA   key        FF6CAH    0000AH
                  @@DATA   key_handler
                                      FF6D4H    00002H
                  @@DATA   process_key
                                      FF6D6H    00000H
                  @@DATA   level      FF6D6H    00000H
                  @@DATA   temp       FF6D6H    00000H
                  @@DATA   temp_table
                                      FF6D6H    00000H
                  @@DATA   timer      FF6D6H    00042H
                  @@DATA   time_short
                                      FF718H    00006H
                  @@DATA   cold_water
                                      FF71EH    0001AH
                  @@DATA   hot_water
                                      FF738H    00020H
                  @@DATA   room_water
                                      FF758H    00004H
                  @@DATA   sound      FF75CH    00002H
                  @@DATA   heater     FF75EH    0000AH
                  @@DATA   hal_led    FF768H    00010H
                  @@DATA   display_error
                                      FF778H    00000H
                  @@DATA   r_cg_port
                                      FF778H    00000H
                  @@DATA   r_cg_port_user
                                      FF778H    00000H
                  @@DATA   feed_pump
                                      FF778H    00006H
                  @@DATA   pump       FF77EH    0000CH
                  @@DATA   auto_flushing
                                      FF78AH    00006H
                  @@DATA   key_special_handler
                                      FF790H    00000H
                  @@DATA   special_mode
                                      FF790H    00006H
                  @@DATA   @rom       FF796H    00000H
         @@INIT                       FF796H    001FAH  DSEG BASEP
                  @@INIT   @cstart    FF796H    00000H
                  @@INIT   r_systeminit
                                      FF796H    00000H
                  @@INIT   r_cg_cgc   FF796H    00000H
                  @@INIT   r_cg_cgc_user
                                      FF796H    00000H
                  @@INIT   r_cg_serial
                                      FF796H    00000H
                  @@INIT   r_cg_wdt   FF796H    00000H
                  @@INIT   r_cg_wdt_user
                                      FF796H    00000H
                  @@INIT   r_cg_adc   FF796H    00000H
                  @@INIT   r_cg_timer
                                      FF796H    00000H
                  @@INIT   main       FF796H    00000H
                  @@INIT   process_sys_event
                                      FF796H    00000H
                  @@INIT   util       FF796H    00000H
                  @@INIT   comm       FF796H    00000H
                  @@INIT   crc16      FF796H    00000H
                  @@INIT   parser     FF796H    00004H
                  @@INIT   parser_debug
                                      FF79AH    0000CH
                  @@INIT   parser_eol
                                      FF7A6H    00002H
                  @@INIT   display    FF7A8H    00002H
                  @@INIT   display_eol
                                      FF7AAH    00000H
                  @@INIT   process_display
                                      FF7AAH    00008H
                  @@INIT   eeprom     FF7B2H    00014H
                  @@INIT   eol        FF7C6H    00000H
                  @@INIT   key_eol_handler
                                      FF7C6H    00000H
                  @@INIT   process_eol
                                      FF7C6H    00006H
                  @@INIT   error      FF7CCH    00000H
                  @@INIT   err_room_level
                                      FF7CCH    00002H
                  @@INIT   err_temp   FF7CEH    00000H
                  @@INIT   err_temp_cold_water
                                      FF7CEH    00004H
                  @@INIT   err_temp_hot_water
                                      FF7D2H    00004H
                  @@INIT   process_error
                                      FF7D6H    0004EH
                  @@INIT   fct        FF824H    00000H
                  @@INIT   key_fct_handler
                                      FF824H    00000H
                  @@INIT   process_fct
                                      FF824H    00002H
                  @@INIT   hal_adc    FF826H    00036H
                  @@INIT   hal_eeprom
                                      FF85CH    00000H
                  @@INIT   hal_i2c    FF85CH    00018H
                  @@INIT   hal_key    FF874H    00000H
                  @@INIT   hal_level
                                      FF874H    00000H
                  @@INIT   hal_relay
                                      FF874H    00000H
                  @@INIT   hal_serial
                                      FF874H    00000H
                  @@INIT   hal_valve
                                      FF874H    00000H
                  @@INIT   comp       FF874H    00000H
                  @@INIT   process_make
                                      FF874H    00002H
                  @@INIT   relay      FF876H    00000H
                  @@INIT   valve      FF876H    00000H
                  @@INIT   key        FF876H    00010H
                  @@INIT   key_handler
                                      FF886H    00082H
                  @@INIT   process_key
                                      FF908H    00006H
                  @@INIT   level      FF90EH    00024H
                  @@INIT   temp       FF932H    00024H
                  @@INIT   temp_table
                                      FF956H    00000H
                  @@INIT   timer      FF956H    00004H
                  @@INIT   time_short
                                      FF95AH    00002H
                  @@INIT   cold_water
                                      FF95CH    00000H
                  @@INIT   hot_water
                                      FF95CH    00002H
                  @@INIT   room_water
                                      FF95EH    00000H
                  @@INIT   sound      FF95EH    00004H
                  @@INIT   heater     FF962H    00000H
                  @@INIT   hal_led    FF962H    00000H
                  @@INIT   display_error
                                      FF962H    0001EH
                  @@INIT   r_cg_port
                                      FF980H    00000H
                  @@INIT   r_cg_port_user
                                      FF980H    00000H
                  @@INIT   feed_pump
                                      FF980H    0000AH
                  @@INIT   pump       FF98AH    00002H
                  @@INIT   auto_flushing
                                      FF98CH    00004H
                  @@INIT   key_special_handler
                                      FF990H    00000H
                  @@INIT   special_mode
                                      FF990H    00000H
                  @@INIT   @rom       FF990H    00000H
         @@INIS                       FF990H    00000H  DSEG UNITP
                  @@INIS   @cstart    FF990H    00000H
                  @@INIS   r_systeminit
                                      FF990H    00000H
                  @@INIS   r_cg_cgc   FF990H    00000H
                  @@INIS   r_cg_cgc_user
                                      FF990H    00000H
                  @@INIS   r_cg_serial
                                      FF990H    00000H
                  @@INIS   r_cg_wdt   FF990H    00000H
                  @@INIS   r_cg_wdt_user
                                      FF990H    00000H
                  @@INIS   r_cg_adc   FF990H    00000H
                  @@INIS   r_cg_timer
                                      FF990H    00000H
                  @@INIS   main       FF990H    00000H
                  @@INIS   process_sys_event
                                      FF990H    00000H
                  @@INIS   util       FF990H    00000H
                  @@INIS   comm       FF990H    00000H
                  @@INIS   crc16      FF990H    00000H
                  @@INIS   parser     FF990H    00000H
                  @@INIS   parser_debug
                                      FF990H    00000H
                  @@INIS   parser_eol
                                      FF990H    00000H
                  @@INIS   display    FF990H    00000H
                  @@INIS   display_eol
                                      FF990H    00000H
                  @@INIS   process_display
                                      FF990H    00000H
                  @@INIS   eeprom     FF990H    00000H
                  @@INIS   eol        FF990H    00000H
                  @@INIS   key_eol_handler
                                      FF990H    00000H
                  @@INIS   process_eol
                                      FF990H    00000H
                  @@INIS   error      FF990H    00000H
                  @@INIS   err_room_level
                                      FF990H    00000H
                  @@INIS   err_temp   FF990H    00000H
                  @@INIS   err_temp_cold_water
                                      FF990H    00000H
                  @@INIS   err_temp_hot_water
                                      FF990H    00000H
                  @@INIS   process_error
                                      FF990H    00000H
                  @@INIS   fct        FF990H    00000H
                  @@INIS   key_fct_handler
                                      FF990H    00000H
                  @@INIS   process_fct
                                      FF990H    00000H
                  @@INIS   hal_adc    FF990H    00000H
                  @@INIS   hal_eeprom
                                      FF990H    00000H
                  @@INIS   hal_i2c    FF990H    00000H
                  @@INIS   hal_key    FF990H    00000H
                  @@INIS   hal_level
                                      FF990H    00000H
                  @@INIS   hal_relay
                                      FF990H    00000H
                  @@INIS   hal_serial
                                      FF990H    00000H
                  @@INIS   hal_valve
                                      FF990H    00000H
                  @@INIS   comp       FF990H    00000H
                  @@INIS   process_make
                                      FF990H    00000H
                  @@INIS   relay      FF990H    00000H
                  @@INIS   valve      FF990H    00000H
                  @@INIS   key        FF990H    00000H
                  @@INIS   key_handler
                                      FF990H    00000H
                  @@INIS   process_key
                                      FF990H    00000H
                  @@INIS   level      FF990H    00000H
                  @@INIS   temp       FF990H    00000H
                  @@INIS   temp_table
                                      FF990H    00000H
                  @@INIS   timer      FF990H    00000H
                  @@INIS   time_short
                                      FF990H    00000H
                  @@INIS   cold_water
                                      FF990H    00000H
                  @@INIS   hot_water
                                      FF990H    00000H
                  @@INIS   room_water
                                      FF990H    00000H
                  @@INIS   sound      FF990H    00000H
                  @@INIS   heater     FF990H    00000H
                  @@INIS   hal_led    FF990H    00000H
                  @@INIS   display_error
                                      FF990H    00000H
                  @@INIS   r_cg_port
                                      FF990H    00000H
                  @@INIS   r_cg_port_user
                                      FF990H    00000H
                  @@INIS   feed_pump
                                      FF990H    00000H
                  @@INIS   pump       FF990H    00000H
                  @@INIS   auto_flushing
                                      FF990H    00000H
                  @@INIS   key_special_handler
                                      FF990H    00000H
                  @@INIS   special_mode
                                      FF990H    00000H
                  @@INIS   @rom       FF990H    00000H
         @@DATS                       FF990H    00000H  DSEG UNITP
                  @@DATS   @cstart    FF990H    00000H
                  @@DATS   r_systeminit
                                      FF990H    00000H
                  @@DATS   r_cg_cgc   FF990H    00000H
                  @@DATS   r_cg_cgc_user
                                      FF990H    00000H
                  @@DATS   r_cg_serial
                                      FF990H    00000H
                  @@DATS   r_cg_wdt   FF990H    00000H
                  @@DATS   r_cg_wdt_user
                                      FF990H    00000H
                  @@DATS   r_cg_adc   FF990H    00000H
                  @@DATS   r_cg_timer
                                      FF990H    00000H
                  @@DATS   main       FF990H    00000H
                  @@DATS   process_sys_event
                                      FF990H    00000H
                  @@DATS   util       FF990H    00000H
                  @@DATS   comm       FF990H    00000H
                  @@DATS   crc16      FF990H    00000H
                  @@DATS   parser     FF990H    00000H
                  @@DATS   parser_debug
                                      FF990H    00000H
                  @@DATS   parser_eol
                                      FF990H    00000H
                  @@DATS   display    FF990H    00000H
                  @@DATS   display_eol
                                      FF990H    00000H
                  @@DATS   process_display
                                      FF990H    00000H
                  @@DATS   eeprom     FF990H    00000H
                  @@DATS   eol        FF990H    00000H
                  @@DATS   key_eol_handler
                                      FF990H    00000H
                  @@DATS   process_eol
                                      FF990H    00000H
                  @@DATS   error      FF990H    00000H
                  @@DATS   err_room_level
                                      FF990H    00000H
                  @@DATS   err_temp   FF990H    00000H
                  @@DATS   err_temp_cold_water
                                      FF990H    00000H
                  @@DATS   err_temp_hot_water
                                      FF990H    00000H
                  @@DATS   process_error
                                      FF990H    00000H
                  @@DATS   fct        FF990H    00000H
                  @@DATS   key_fct_handler
                                      FF990H    00000H
                  @@DATS   process_fct
                                      FF990H    00000H
                  @@DATS   hal_adc    FF990H    00000H
                  @@DATS   hal_eeprom
                                      FF990H    00000H
                  @@DATS   hal_i2c    FF990H    00000H
                  @@DATS   hal_key    FF990H    00000H
                  @@DATS   hal_level
                                      FF990H    00000H
                  @@DATS   hal_relay
                                      FF990H    00000H
                  @@DATS   hal_serial
                                      FF990H    00000H
                  @@DATS   hal_valve
                                      FF990H    00000H
                  @@DATS   comp       FF990H    00000H
                  @@DATS   process_make
                                      FF990H    00000H
                  @@DATS   relay      FF990H    00000H
                  @@DATS   valve      FF990H    00000H
                  @@DATS   key        FF990H    00000H
                  @@DATS   key_handler
                                      FF990H    00000H
                  @@DATS   process_key
                                      FF990H    00000H
                  @@DATS   level      FF990H    00000H
                  @@DATS   temp       FF990H    00000H
                  @@DATS   temp_table
                                      FF990H    00000H
                  @@DATS   timer      FF990H    00000H
                  @@DATS   time_short
                                      FF990H    00000H
                  @@DATS   cold_water
                                      FF990H    00000H
                  @@DATS   hot_water
                                      FF990H    00000H
                  @@DATS   room_water
                                      FF990H    00000H
                  @@DATS   sound      FF990H    00000H
                  @@DATS   heater     FF990H    00000H
                  @@DATS   hal_led    FF990H    00000H
                  @@DATS   display_error
                                      FF990H    00000H
                  @@DATS   r_cg_port
                                      FF990H    00000H
                  @@DATS   r_cg_port_user
                                      FF990H    00000H
                  @@DATS   feed_pump
                                      FF990H    00000H
                  @@DATS   pump       FF990H    00000H
                  @@DATS   auto_flushing
                                      FF990H    00000H
                  @@DATS   key_special_handler
                                      FF990H    00000H
                  @@DATS   special_mode
                                      FF990H    00000H
                  @@DATS   @rom       FF990H    00000H
         @@INITL                      FF990H    00000H  DSEG UNIT64KP
                  @@INITL  @cstart    FF990H    00000H
                  @@INITL  r_systeminit
                                      FF990H    00000H
                  @@INITL  r_cg_cgc   FF990H    00000H
                  @@INITL  r_cg_cgc_user
                                      FF990H    00000H
                  @@INITL  r_cg_serial
                                      FF990H    00000H
                  @@INITL  r_cg_wdt   FF990H    00000H
                  @@INITL  r_cg_wdt_user
                                      FF990H    00000H
                  @@INITL  r_cg_adc   FF990H    00000H
                  @@INITL  r_cg_timer
                                      FF990H    00000H
                  @@INITL  main       FF990H    00000H
                  @@INITL  process_sys_event
                                      FF990H    00000H
                  @@INITL  util       FF990H    00000H
                  @@INITL  comm       FF990H    00000H
                  @@INITL  crc16      FF990H    00000H
                  @@INITL  parser     FF990H    00000H
                  @@INITL  parser_debug
                                      FF990H    00000H
                  @@INITL  parser_eol
                                      FF990H    00000H
                  @@INITL  display    FF990H    00000H
                  @@INITL  display_eol
                                      FF990H    00000H
                  @@INITL  process_display
                                      FF990H    00000H
                  @@INITL  eeprom     FF990H    00000H
                  @@INITL  eol        FF990H    00000H
                  @@INITL  key_eol_handler
                                      FF990H    00000H
                  @@INITL  process_eol
                                      FF990H    00000H
                  @@INITL  error      FF990H    00000H
                  @@INITL  err_room_level
                                      FF990H    00000H
                  @@INITL  err_temp   FF990H    00000H
                  @@INITL  err_temp_cold_water
                                      FF990H    00000H
                  @@INITL  err_temp_hot_water
                                      FF990H    00000H
                  @@INITL  process_error
                                      FF990H    00000H
                  @@INITL  fct        FF990H    00000H
                  @@INITL  key_fct_handler
                                      FF990H    00000H
                  @@INITL  process_fct
                                      FF990H    00000H
                  @@INITL  hal_adc    FF990H    00000H
                  @@INITL  hal_eeprom
                                      FF990H    00000H
                  @@INITL  hal_i2c    FF990H    00000H
                  @@INITL  hal_key    FF990H    00000H
                  @@INITL  hal_level
                                      FF990H    00000H
                  @@INITL  hal_relay
                                      FF990H    00000H
                  @@INITL  hal_serial
                                      FF990H    00000H
                  @@INITL  hal_valve
                                      FF990H    00000H
                  @@INITL  comp       FF990H    00000H
                  @@INITL  process_make
                                      FF990H    00000H
                  @@INITL  relay      FF990H    00000H
                  @@INITL  valve      FF990H    00000H
                  @@INITL  key        FF990H    00000H
                  @@INITL  key_handler
                                      FF990H    00000H
                  @@INITL  process_key
                                      FF990H    00000H
                  @@INITL  level      FF990H    00000H
                  @@INITL  temp       FF990H    00000H
                  @@INITL  temp_table
                                      FF990H    00000H
                  @@INITL  timer      FF990H    00000H
                  @@INITL  time_short
                                      FF990H    00000H
                  @@INITL  cold_water
                                      FF990H    00000H
                  @@INITL  hot_water
                                      FF990H    00000H
                  @@INITL  room_water
                                      FF990H    00000H
                  @@INITL  sound      FF990H    00000H
                  @@INITL  heater     FF990H    00000H
                  @@INITL  hal_led    FF990H    00000H
                  @@INITL  display_error
                                      FF990H    00000H
                  @@INITL  r_cg_port
                                      FF990H    00000H
                  @@INITL  r_cg_port_user
                                      FF990H    00000H
                  @@INITL  feed_pump
                                      FF990H    00000H
                  @@INITL  pump       FF990H    00000H
                  @@INITL  auto_flushing
                                      FF990H    00000H
                  @@INITL  key_special_handler
                                      FF990H    00000H
                  @@INITL  special_mode
                                      FF990H    00000H
                  @@INITL  @rom       FF990H    00000H
         @@DATAL                      FF990H    00000H  DSEG UNIT64KP
                  @@DATAL  @cstart    FF990H    00000H
                  @@DATAL  r_systeminit
                                      FF990H    00000H
                  @@DATAL  r_cg_cgc   FF990H    00000H
                  @@DATAL  r_cg_cgc_user
                                      FF990H    00000H
                  @@DATAL  r_cg_serial
                                      FF990H    00000H
                  @@DATAL  r_cg_wdt   FF990H    00000H
                  @@DATAL  r_cg_wdt_user
                                      FF990H    00000H
                  @@DATAL  r_cg_adc   FF990H    00000H
                  @@DATAL  r_cg_timer
                                      FF990H    00000H
                  @@DATAL  main       FF990H    00000H
                  @@DATAL  process_sys_event
                                      FF990H    00000H
                  @@DATAL  util       FF990H    00000H
                  @@DATAL  comm       FF990H    00000H
                  @@DATAL  crc16      FF990H    00000H
                  @@DATAL  parser     FF990H    00000H
                  @@DATAL  parser_debug
                                      FF990H    00000H
                  @@DATAL  parser_eol
                                      FF990H    00000H
                  @@DATAL  display    FF990H    00000H
                  @@DATAL  display_eol
                                      FF990H    00000H
                  @@DATAL  process_display
                                      FF990H    00000H
                  @@DATAL  eeprom     FF990H    00000H
                  @@DATAL  eol        FF990H    00000H
                  @@DATAL  key_eol_handler
                                      FF990H    00000H
                  @@DATAL  process_eol
                                      FF990H    00000H
                  @@DATAL  error      FF990H    00000H
                  @@DATAL  err_room_level
                                      FF990H    00000H
                  @@DATAL  err_temp   FF990H    00000H
                  @@DATAL  err_temp_cold_water
                                      FF990H    00000H
                  @@DATAL  err_temp_hot_water
                                      FF990H    00000H
                  @@DATAL  process_error
                                      FF990H    00000H
                  @@DATAL  fct        FF990H    00000H
                  @@DATAL  key_fct_handler
                                      FF990H    00000H
                  @@DATAL  process_fct
                                      FF990H    00000H
                  @@DATAL  hal_adc    FF990H    00000H
                  @@DATAL  hal_eeprom
                                      FF990H    00000H
                  @@DATAL  hal_i2c    FF990H    00000H
                  @@DATAL  hal_key    FF990H    00000H
                  @@DATAL  hal_level
                                      FF990H    00000H
                  @@DATAL  hal_relay
                                      FF990H    00000H
                  @@DATAL  hal_serial
                                      FF990H    00000H
                  @@DATAL  hal_valve
                                      FF990H    00000H
                  @@DATAL  comp       FF990H    00000H
                  @@DATAL  process_make
                                      FF990H    00000H
                  @@DATAL  relay      FF990H    00000H
                  @@DATAL  valve      FF990H    00000H
                  @@DATAL  key        FF990H    00000H
                  @@DATAL  key_handler
                                      FF990H    00000H
                  @@DATAL  process_key
                                      FF990H    00000H
                  @@DATAL  level      FF990H    00000H
                  @@DATAL  temp       FF990H    00000H
                  @@DATAL  temp_table
                                      FF990H    00000H
                  @@DATAL  timer      FF990H    00000H
                  @@DATAL  time_short
                                      FF990H    00000H
                  @@DATAL  cold_water
                                      FF990H    00000H
                  @@DATAL  hot_water
                                      FF990H    00000H
                  @@DATAL  room_water
                                      FF990H    00000H
                  @@DATAL  sound      FF990H    00000H
                  @@DATAL  heater     FF990H    00000H
                  @@DATAL  hal_led    FF990H    00000H
                  @@DATAL  display_error
                                      FF990H    00000H
                  @@DATAL  r_cg_port
                                      FF990H    00000H
                  @@DATAL  r_cg_port_user
                                      FF990H    00000H
                  @@DATAL  feed_pump
                                      FF990H    00000H
                  @@DATAL  pump       FF990H    00000H
                  @@DATAL  auto_flushing
                                      FF990H    00000H
                  @@DATAL  key_special_handler
                                      FF990H    00000H
                  @@DATAL  special_mode
                                      FF990H    00000H
                  @@DATAL  @rom       FF990H    00000H
         @@BITS                       FF990H    00000H  BSEG
                  @@BITS   @cstart    FF990H.0  00000H.0
                  @@BITS   r_systeminit
                                      FF990H.0  00000H.0
                  @@BITS   r_cg_cgc   FF990H.0  00000H.0
                  @@BITS   r_cg_cgc_user
                                      FF990H.0  00000H.0
                  @@BITS   r_cg_serial
                                      FF990H.0  00000H.0
                  @@BITS   r_cg_wdt   FF990H.0  00000H.0
                  @@BITS   r_cg_wdt_user
                                      FF990H.0  00000H.0
                  @@BITS   r_cg_adc   FF990H.0  00000H.0
                  @@BITS   r_cg_timer
                                      FF990H.0  00000H.0
                  @@BITS   main       FF990H.0  00000H.0
                  @@BITS   process_sys_event
                                      FF990H.0  00000H.0
                  @@BITS   util       FF990H.0  00000H.0
                  @@BITS   comm       FF990H.0  00000H.0
                  @@BITS   crc16      FF990H.0  00000H.0
                  @@BITS   parser     FF990H.0  00000H.0
                  @@BITS   parser_debug
                                      FF990H.0  00000H.0
                  @@BITS   parser_eol
                                      FF990H.0  00000H.0
                  @@BITS   display    FF990H.0  00000H.0
                  @@BITS   display_eol
                                      FF990H.0  00000H.0
                  @@BITS   process_display
                                      FF990H.0  00000H.0
                  @@BITS   eeprom     FF990H.0  00000H.0
                  @@BITS   eol        FF990H.0  00000H.0
                  @@BITS   key_eol_handler
                                      FF990H.0  00000H.0
                  @@BITS   process_eol
                                      FF990H.0  00000H.0
                  @@BITS   error      FF990H.0  00000H.0
                  @@BITS   err_room_level
                                      FF990H.0  00000H.0
                  @@BITS   err_temp   FF990H.0  00000H.0
                  @@BITS   err_temp_cold_water
                                      FF990H.0  00000H.0
                  @@BITS   err_temp_hot_water
                                      FF990H.0  00000H.0
                  @@BITS   process_error
                                      FF990H.0  00000H.0
                  @@BITS   fct        FF990H.0  00000H.0
                  @@BITS   key_fct_handler
                                      FF990H.0  00000H.0
                  @@BITS   process_fct
                                      FF990H.0  00000H.0
                  @@BITS   hal_adc    FF990H.0  00000H.0
                  @@BITS   hal_eeprom
                                      FF990H.0  00000H.0
                  @@BITS   hal_i2c    FF990H.0  00000H.0
                  @@BITS   hal_key    FF990H.0  00000H.0
                  @@BITS   hal_level
                                      FF990H.0  00000H.0
                  @@BITS   hal_relay
                                      FF990H.0  00000H.0
                  @@BITS   hal_serial
                                      FF990H.0  00000H.0
                  @@BITS   hal_valve
                                      FF990H.0  00000H.0
                  @@BITS   comp       FF990H.0  00000H.0
                  @@BITS   process_make
                                      FF990H.0  00000H.0
                  @@BITS   relay      FF990H.0  00000H.0
                  @@BITS   valve      FF990H.0  00000H.0
                  @@BITS   key        FF990H.0  00000H.0
                  @@BITS   key_handler
                                      FF990H.0  00000H.0
                  @@BITS   process_key
                                      FF990H.0  00000H.0
                  @@BITS   level      FF990H.0  00000H.0
                  @@BITS   temp       FF990H.0  00000H.0
                  @@BITS   temp_table
                                      FF990H.0  00000H.0
                  @@BITS   timer      FF990H.0  00000H.0
                  @@BITS   time_short
                                      FF990H.0  00000H.0
                  @@BITS   cold_water
                                      FF990H.0  00000H.0
                  @@BITS   hot_water
                                      FF990H.0  00000H.0
                  @@BITS   room_water
                                      FF990H.0  00000H.0
                  @@BITS   sound      FF990H.0  00000H.0
                  @@BITS   heater     FF990H.0  00000H.0
                  @@BITS   hal_led    FF990H.0  00000H.0
                  @@BITS   display_error
                                      FF990H.0  00000H.0
                  @@BITS   r_cg_port
                                      FF990H.0  00000H.0
                  @@BITS   r_cg_port_user
                                      FF990H.0  00000H.0
                  @@BITS   feed_pump
                                      FF990H.0  00000H.0
                  @@BITS   pump       FF990H.0  00000H.0
                  @@BITS   auto_flushing
                                      FF990H.0  00000H.0
                  @@BITS   key_special_handler
                                      FF990H.0  00000H.0
                  @@BITS   special_mode
                                      FF990H.0  00000H.0
* gap *                               FF990H    00524H
         @@KREG00                     FFEB4H    00002H  DSEG AT
                  @@KREG00 @KREG00    FFEB4H    00002H
         @@KREG02                     FFEB6H    00002H  DSEG AT
                  @@KREG02 @KREG02    FFEB6H    00002H
         @@KREG04                     FFEB8H    00002H  DSEG AT
                  @@KREG04 @KREG04    FFEB8H    00002H
         @@KREG06                     FFEBAH    00002H  DSEG AT
                  @@KREG06 @KREG06    FFEBAH    00002H
         @@KREG08                     FFEBCH    00002H  DSEG AT
                  @@KREG08 @KREG08    FFEBCH    00002H
         @@KREG10                     FFEBEH    00002H  DSEG AT
                  @@KREG10 @KREG10    FFEBEH    00002H
         @@KREG12                     FFEC0H    00002H  DSEG AT
                  @@KREG12 @KREG12    FFEC0H    00002H
         @@KREG14                     FFEC2H    00002H  DSEG AT
                  @@KREG14 @KREG14    FFEC2H    00002H
         @@NRARG0                     FFEC4H    00008H  DSEG AT
                  @@NRARG0 @NRARG0    FFEC4H    00008H
         @@NRAT00                     FFECCH    00008H  DSEG AT
                  @@NRAT00 @NRAT00    FFECCH    00008H
         @@SEGREG                     FFED4H    00004H  DSEG AT
                  @@SEGREG @SEGREG    FFED4H    00004H
         @@RTARG0                     FFED8H    00008H  DSEG AT
                  @@RTARG0 @RTARG0    FFED8H    00008H
* gap *                               FFEE0H    00020H
* gap (Not Free Area) *               FFF00H    00100H


 Target chip : R5F100LE
 Device file : V1.14
