


78K0R Linker V1.80                            Date:19 Nov 2024 Page:   1

Command:   -yC:\Program Files (x86)\Renesas Electronics\CS+\CACX\Device\
           RL78\Devicefile -_msgoff -oDefaultBuild\PillowPack.lmf -go84h
           ,0FE00h,512 -gb7D73E8H -mi0 -s -pDefaultBuild\PillowPack.map 
           C:\Program Files (x86)\Renesas Electronics\CS+\CACX\CA78K0R\V
           1.72\lib78k0r\s0rll.rel DefaultBuild\r_systeminit.rel Default
           Build\r_cg_cgc.rel DefaultBuild\r_cg_cgc_user.rel DefaultBuil
           d\r_cg_wdt.rel DefaultBuild\main.rel DefaultBuild\process_sys
           _event.rel DefaultBuild\util.rel DefaultBuild\display.rel Def
           aultBuild\display_eol.rel DefaultBuild\process_display.rel De
           faultBuild\eeprom.rel DefaultBuild\eol.rel DefaultBuild\key_e
           ol_handler.rel DefaultBuild\process_eol.rel DefaultBuild\erro
           r.rel DefaultBuild\err_room_level.rel DefaultBuild\err_temp.r
           el DefaultBuild\err_temp_cold_water.rel DefaultBuild\err_temp
           _hot_water.rel DefaultBuild\process_error.rel DefaultBuild\fc
           t.rel DefaultBuild\key_fct_handler.rel DefaultBuild\process_f
           ct.rel DefaultBuild\hal_adc.rel DefaultBuild\hal_eeprom.rel D
           efaultBuild\hal_i2c.rel DefaultBuild\hal_key.rel DefaultBuild
           \hal_level.rel DefaultBuild\hal_relay.rel DefaultBuild\hal_va
           lve.rel DefaultBuild\comp.rel DefaultBuild\process_make.rel D
           efaultBuild\relay.rel DefaultBuild\valve.rel DefaultBuild\key
           .rel DefaultBuild\key_handler.rel DefaultBuild\process_key.re
           l DefaultBuild\level.rel DefaultBuild\temp.rel DefaultBuild\t
           emp_table.rel DefaultBuild\timer.rel DefaultBuild\time_short.
           rel DefaultBuild\cold_water.rel DefaultBuild\hot_water.rel De
           faultBuild\room_water.rel DefaultBuild\sound.rel DefaultBuild
           \heater.rel DefaultBuild\hal_led.rel DefaultBuild\display_err
           or.rel DefaultBuild\r_cg_adc.rel DefaultBuild\r_cg_serial.rel
            DefaultBuild\r_cg_port.rel DefaultBuild\level_electrode.rel 
           DefaultBuild\api_adc.rel DefaultBuild\crc16.rel DefaultBuild\
           r_cg_timer.rel DefaultBuild\hal_serial.rel DefaultBuild\comm.
           rel DefaultBuild\parser.rel DefaultBuild\parser_tof.rel -bcl0
           ram.lib -bcl0rmf.lib -bcl0rm.lib -iC:\Program Files (x86)\Ren
           esas Electronics\CS+\CACX\CA78K0R\V1.72\lib78k0r
Para-file:
Out-file:  DefaultBuild\PillowPack.lmf
Map-file:  DefaultBuild\PillowPack.map
Direc-file:
Directive:


*** Link information ***

    90 output segment(s)
 7A80H byte(s) real data
  8810 symbol(s) defined


*** Memory map ***


  SPACE=REGULAR

  MEMORY=ROM
  BASE ADDRESS=00000H   SIZE=10000H
         OUTPUT   INPUT    INPUT      BASE      SIZE
         SEGMENT  SEGMENT  MODULE     ADDRESS
         @@VECT00                     00000H    00002H  CSEG AT
                  @@VECT00 @cstart    00000H    00002H
         @@CNSTL                      00002H    00000H  CSEG PAGE64KP
                  @@CNSTL  @cstart    00002H    00000H
         @@CNSTL                      00002H    00000H  CSEG PAGE64KP
                  @@CNSTL  r_systeminit
                                      00002H    00000H
         @@CNSTL                      00002H    00000H  CSEG PAGE64KP
                  @@CNSTL  r_cg_cgc   00002H    00000H
         @@CNSTL                      00002H    00000H  CSEG PAGE64KP
                  @@CNSTL  r_cg_cgc_user
                                      00002H    00000H
         @@CNSTL                      00002H    00000H  CSEG PAGE64KP
                  @@CNSTL  r_cg_wdt   00002H    00000H
         @@CNSTL                      00002H    00000H  CSEG PAGE64KP
                  @@CNSTL  main       00002H    00000H
         @@CNSTL                      00002H    00000H  CSEG PAGE64KP
                  @@CNSTL  process_sys_event
                                      00002H    00000H
         @@CNSTL                      00002H    00000H  CSEG PAGE64KP
                  @@CNSTL  util       00002H    00000H
         @@CNSTL                      00002H    00000H  CSEG PAGE64KP
                  @@CNSTL  display    00002H    00000H
         @@CNSTL                      00002H    00000H  CSEG PAGE64KP
                  @@CNSTL  display_eol
                                      00002H    00000H
         @@CNSTL                      00002H    00000H  CSEG PAGE64KP
                  @@CNSTL  process_display
                                      00002H    00000H
         @@CNSTL                      00002H    00000H  CSEG PAGE64KP
                  @@CNSTL  eeprom     00002H    00000H
         @@CNSTL                      00002H    00000H  CSEG PAGE64KP
                  @@CNSTL  eol        00002H    00000H
         @@CNSTL                      00002H    00000H  CSEG PAGE64KP
                  @@CNSTL  key_eol_handler
                                      00002H    00000H
         @@CNSTL                      00002H    00000H  CSEG PAGE64KP
                  @@CNSTL  process_eol
                                      00002H    00000H
         @@CNSTL                      00002H    00000H  CSEG PAGE64KP
                  @@CNSTL  error      00002H    00000H
         @@CNSTL                      00002H    00000H  CSEG PAGE64KP
                  @@CNSTL  err_room_level
                                      00002H    00000H
         @@CNSTL                      00002H    00000H  CSEG PAGE64KP
                  @@CNSTL  err_temp   00002H    00000H
         @@CNSTL                      00002H    00000H  CSEG PAGE64KP
                  @@CNSTL  err_temp_cold_water
                                      00002H    00000H
         @@CNSTL                      00002H    00000H  CSEG PAGE64KP
                  @@CNSTL  err_temp_hot_water
                                      00002H    00000H
         @@CNSTL                      00002H    00000H  CSEG PAGE64KP
                  @@CNSTL  process_error
                                      00002H    00000H
         @@CNSTL                      00002H    00000H  CSEG PAGE64KP
                  @@CNSTL  fct        00002H    00000H
         @@CNSTL                      00002H    00000H  CSEG PAGE64KP
                  @@CNSTL  key_fct_handler
                                      00002H    00000H
         @@CNSTL                      00002H    00000H  CSEG PAGE64KP
                  @@CNSTL  process_fct
                                      00002H    00000H
         @@CNSTL                      00002H    00000H  CSEG PAGE64KP
                  @@CNSTL  hal_adc    00002H    00000H
         @@CNSTL                      00002H    00000H  CSEG PAGE64KP
                  @@CNSTL  hal_eeprom
                                      00002H    00000H
         @@CNSTL                      00002H    00000H  CSEG PAGE64KP
                  @@CNSTL  hal_i2c    00002H    00000H
         @@CNSTL                      00002H    00000H  CSEG PAGE64KP
                  @@CNSTL  hal_key    00002H    00000H
         @@CNSTL                      00002H    00000H  CSEG PAGE64KP
                  @@CNSTL  hal_level
                                      00002H    00000H
         @@CNSTL                      00002H    00000H  CSEG PAGE64KP
                  @@CNSTL  hal_relay
                                      00002H    00000H
         @@CNSTL                      00002H    00000H  CSEG PAGE64KP
                  @@CNSTL  hal_valve
                                      00002H    00000H
         @@CNSTL                      00002H    00000H  CSEG PAGE64KP
                  @@CNSTL  comp       00002H    00000H
         @@CNSTL                      00002H    00000H  CSEG PAGE64KP
                  @@CNSTL  process_make
                                      00002H    00000H
         @@CNSTL                      00002H    00000H  CSEG PAGE64KP
                  @@CNSTL  relay      00002H    00000H
         @@CNSTL                      00002H    00000H  CSEG PAGE64KP
                  @@CNSTL  valve      00002H    00000H
         @@CNSTL                      00002H    00000H  CSEG PAGE64KP
                  @@CNSTL  key        00002H    00000H
         @@CNSTL                      00002H    00000H  CSEG PAGE64KP
                  @@CNSTL  key_handler
                                      00002H    00000H
         @@CNSTL                      00002H    00000H  CSEG PAGE64KP
                  @@CNSTL  process_key
                                      00002H    00000H
         @@CNSTL                      00002H    00000H  CSEG PAGE64KP
                  @@CNSTL  level      00002H    00000H
         @@CNSTL                      00002H    00000H  CSEG PAGE64KP
                  @@CNSTL  temp       00002H    00000H
         @@CNSTL                      00002H    00000H  CSEG PAGE64KP
                  @@CNSTL  temp_table
                                      00002H    00000H
         @@CNSTL                      00002H    00000H  CSEG PAGE64KP
                  @@CNSTL  timer      00002H    00000H
         @@CNSTL                      00002H    00000H  CSEG PAGE64KP
                  @@CNSTL  time_short
                                      00002H    00000H
         @@CNSTL                      00002H    00000H  CSEG PAGE64KP
                  @@CNSTL  cold_water
                                      00002H    00000H
         @@CNSTL                      00002H    00000H  CSEG PAGE64KP
                  @@CNSTL  hot_water
                                      00002H    00000H
         @@CNSTL                      00002H    00000H  CSEG PAGE64KP
                  @@CNSTL  room_water
                                      00002H    00000H
         @@CNSTL                      00002H    00000H  CSEG PAGE64KP
                  @@CNSTL  sound      00002H    00000H
         @@CNSTL                      00002H    00000H  CSEG PAGE64KP
                  @@CNSTL  heater     00002H    00000H
         @@CNSTL                      00002H    00000H  CSEG PAGE64KP
                  @@CNSTL  hal_led    00002H    00000H
         @@CNSTL                      00002H    00000H  CSEG PAGE64KP
                  @@CNSTL  display_error
                                      00002H    00000H
         @@CNSTL                      00002H    00000H  CSEG PAGE64KP
                  @@CNSTL  r_cg_adc   00002H    00000H
         @@CNSTL                      00002H    00000H  CSEG PAGE64KP
                  @@CNSTL  r_cg_serial
                                      00002H    00000H
         @@CNSTL                      00002H    00000H  CSEG PAGE64KP
                  @@CNSTL  r_cg_port
                                      00002H    00000H
         @@CNSTL                      00002H    00000H  CSEG PAGE64KP
                  @@CNSTL  level_electrode
                                      00002H    00000H
         @@CNSTL                      00002H    00000H  CSEG PAGE64KP
                  @@CNSTL  api_adc    00002H    00000H
         @@CNSTL                      00002H    00000H  CSEG PAGE64KP
                  @@CNSTL  crc16      00002H    00000H
         @@CNSTL                      00002H    00000H  CSEG PAGE64KP
                  @@CNSTL  r_cg_timer
                                      00002H    00000H
         @@CNSTL                      00002H    00000H  CSEG PAGE64KP
                  @@CNSTL  hal_serial
                                      00002H    00000H
         @@CNSTL                      00002H    00000H  CSEG PAGE64KP
                  @@CNSTL  comm       00002H    00000H
         @@CNSTL                      00002H    00000H  CSEG PAGE64KP
                  @@CNSTL  parser     00002H    00000H
         @@CNSTL                      00002H    00000H  CSEG PAGE64KP
                  @@CNSTL  parser_tof
                                      00002H    00000H
         @@RLINIT                     00002H    00000H  CSEG UNIT64KP
                  @@RLINIT @cstart    00002H    00000H
                  @@RLINIT r_systeminit
                                      00002H    00000H
                  @@RLINIT r_cg_cgc   00002H    00000H
                  @@RLINIT r_cg_cgc_user
                                      00002H    00000H
                  @@RLINIT r_cg_wdt   00002H    00000H
                  @@RLINIT main       00002H    00000H
                  @@RLINIT process_sys_event
                                      00002H    00000H
                  @@RLINIT util       00002H    00000H
                  @@RLINIT display    00002H    00000H
                  @@RLINIT display_eol
                                      00002H    00000H
                  @@RLINIT process_display
                                      00002H    00000H
                  @@RLINIT eeprom     00002H    00000H
                  @@RLINIT eol        00002H    00000H
                  @@RLINIT key_eol_handler
                                      00002H    00000H
                  @@RLINIT process_eol
                                      00002H    00000H
                  @@RLINIT error      00002H    00000H
                  @@RLINIT err_room_level
                                      00002H    00000H
                  @@RLINIT err_temp   00002H    00000H
                  @@RLINIT err_temp_cold_water
                                      00002H    00000H
                  @@RLINIT err_temp_hot_water
                                      00002H    00000H
                  @@RLINIT process_error
                                      00002H    00000H
                  @@RLINIT fct        00002H    00000H
                  @@RLINIT key_fct_handler
                                      00002H    00000H
                  @@RLINIT process_fct
                                      00002H    00000H
                  @@RLINIT hal_adc    00002H    00000H
                  @@RLINIT hal_eeprom
                                      00002H    00000H
                  @@RLINIT hal_i2c    00002H    00000H
                  @@RLINIT hal_key    00002H    00000H
                  @@RLINIT hal_level
                                      00002H    00000H
                  @@RLINIT hal_relay
                                      00002H    00000H
                  @@RLINIT hal_valve
                                      00002H    00000H
                  @@RLINIT comp       00002H    00000H
                  @@RLINIT process_make
                                      00002H    00000H
                  @@RLINIT relay      00002H    00000H
                  @@RLINIT valve      00002H    00000H
                  @@RLINIT key        00002H    00000H
                  @@RLINIT key_handler
                                      00002H    00000H
                  @@RLINIT process_key
                                      00002H    00000H
                  @@RLINIT level      00002H    00000H
                  @@RLINIT temp       00002H    00000H
                  @@RLINIT temp_table
                                      00002H    00000H
                  @@RLINIT timer      00002H    00000H
                  @@RLINIT time_short
                                      00002H    00000H
                  @@RLINIT cold_water
                                      00002H    00000H
                  @@RLINIT hot_water
                                      00002H    00000H
                  @@RLINIT room_water
                                      00002H    00000H
                  @@RLINIT sound      00002H    00000H
                  @@RLINIT heater     00002H    00000H
                  @@RLINIT hal_led    00002H    00000H
                  @@RLINIT display_error
                                      00002H    00000H
                  @@RLINIT r_cg_adc   00002H    00000H
                  @@RLINIT r_cg_serial
                                      00002H    00000H
                  @@RLINIT r_cg_port
                                      00002H    00000H
                  @@RLINIT level_electrode
                                      00002H    00000H
                  @@RLINIT api_adc    00002H    00000H
                  @@RLINIT crc16      00002H    00000H
                  @@RLINIT r_cg_timer
                                      00002H    00000H
                  @@RLINIT hal_serial
                                      00002H    00000H
                  @@RLINIT comm       00002H    00000H
                  @@RLINIT parser     00002H    00000H
                  @@RLINIT parser_tof
                                      00002H    00000H
                  @@RLINIT @rom       00002H    00000H
         @@R_INIS                     00002H    00000H  CSEG UNIT64KP
                  @@R_INIS @cstart    00002H    00000H
                  @@R_INIS r_systeminit
                                      00002H    00000H
                  @@R_INIS r_cg_cgc   00002H    00000H
                  @@R_INIS r_cg_cgc_user
                                      00002H    00000H
                  @@R_INIS r_cg_wdt   00002H    00000H
                  @@R_INIS main       00002H    00000H
                  @@R_INIS process_sys_event
                                      00002H    00000H
                  @@R_INIS util       00002H    00000H
                  @@R_INIS display    00002H    00000H
                  @@R_INIS display_eol
                                      00002H    00000H
                  @@R_INIS process_display
                                      00002H    00000H
                  @@R_INIS eeprom     00002H    00000H
                  @@R_INIS eol        00002H    00000H
                  @@R_INIS key_eol_handler
                                      00002H    00000H
                  @@R_INIS process_eol
                                      00002H    00000H
                  @@R_INIS error      00002H    00000H
                  @@R_INIS err_room_level
                                      00002H    00000H
                  @@R_INIS err_temp   00002H    00000H
                  @@R_INIS err_temp_cold_water
                                      00002H    00000H
                  @@R_INIS err_temp_hot_water
                                      00002H    00000H
                  @@R_INIS process_error
                                      00002H    00000H
                  @@R_INIS fct        00002H    00000H
                  @@R_INIS key_fct_handler
                                      00002H    00000H
                  @@R_INIS process_fct
                                      00002H    00000H
                  @@R_INIS hal_adc    00002H    00000H
                  @@R_INIS hal_eeprom
                                      00002H    00000H
                  @@R_INIS hal_i2c    00002H    00000H
                  @@R_INIS hal_key    00002H    00000H
                  @@R_INIS hal_level
                                      00002H    00000H
                  @@R_INIS hal_relay
                                      00002H    00000H
                  @@R_INIS hal_valve
                                      00002H    00000H
                  @@R_INIS comp       00002H    00000H
                  @@R_INIS process_make
                                      00002H    00000H
                  @@R_INIS relay      00002H    00000H
                  @@R_INIS valve      00002H    00000H
                  @@R_INIS key        00002H    00000H
                  @@R_INIS key_handler
                                      00002H    00000H
                  @@R_INIS process_key
                                      00002H    00000H
                  @@R_INIS level      00002H    00000H
                  @@R_INIS temp       00002H    00000H
                  @@R_INIS temp_table
                                      00002H    00000H
                  @@R_INIS timer      00002H    00000H
                  @@R_INIS time_short
                                      00002H    00000H
                  @@R_INIS cold_water
                                      00002H    00000H
                  @@R_INIS hot_water
                                      00002H    00000H
                  @@R_INIS room_water
                                      00002H    00000H
                  @@R_INIS sound      00002H    00000H
                  @@R_INIS heater     00002H    00000H
                  @@R_INIS hal_led    00002H    00000H
                  @@R_INIS display_error
                                      00002H    00000H
                  @@R_INIS r_cg_adc   00002H    00000H
                  @@R_INIS r_cg_serial
                                      00002H    00000H
                  @@R_INIS r_cg_port
                                      00002H    00000H
                  @@R_INIS level_electrode
                                      00002H    00000H
                  @@R_INIS api_adc    00002H    00000H
                  @@R_INIS crc16      00002H    00000H
                  @@R_INIS r_cg_timer
                                      00002H    00000H
                  @@R_INIS hal_serial
                                      00002H    00000H
                  @@R_INIS comm       00002H    00000H
                  @@R_INIS parser     00002H    00000H
                  @@R_INIS parser_tof
                                      00002H    00000H
                  @@R_INIS @rom       00002H    00000H
         @@CALT                       00002H    00000H  CSEG
                  @@CALT   @cstart    00002H    00000H
                  @@CALT   r_systeminit
                                      00002H    00000H
                  @@CALT   r_cg_cgc   00002H    00000H
                  @@CALT   r_cg_cgc_user
                                      00002H    00000H
                  @@CALT   r_cg_wdt   00002H    00000H
                  @@CALT   main       00002H    00000H
                  @@CALT   process_sys_event
                                      00002H    00000H
                  @@CALT   util       00002H    00000H
                  @@CALT   display    00002H    00000H
                  @@CALT   display_eol
                                      00002H    00000H
                  @@CALT   process_display
                                      00002H    00000H
                  @@CALT   eeprom     00002H    00000H
                  @@CALT   eol        00002H    00000H
                  @@CALT   key_eol_handler
                                      00002H    00000H
                  @@CALT   process_eol
                                      00002H    00000H
                  @@CALT   error      00002H    00000H
                  @@CALT   err_room_level
                                      00002H    00000H
                  @@CALT   err_temp   00002H    00000H
                  @@CALT   err_temp_cold_water
                                      00002H    00000H
                  @@CALT   err_temp_hot_water
                                      00002H    00000H
                  @@CALT   process_error
                                      00002H    00000H
                  @@CALT   fct        00002H    00000H
                  @@CALT   key_fct_handler
                                      00002H    00000H
                  @@CALT   process_fct
                                      00002H    00000H
                  @@CALT   hal_adc    00002H    00000H
                  @@CALT   hal_eeprom
                                      00002H    00000H
                  @@CALT   hal_i2c    00002H    00000H
                  @@CALT   hal_key    00002H    00000H
                  @@CALT   hal_level
                                      00002H    00000H
                  @@CALT   hal_relay
                                      00002H    00000H
                  @@CALT   hal_valve
                                      00002H    00000H
                  @@CALT   comp       00002H    00000H
                  @@CALT   process_make
                                      00002H    00000H
                  @@CALT   relay      00002H    00000H
                  @@CALT   valve      00002H    00000H
                  @@CALT   key        00002H    00000H
                  @@CALT   key_handler
                                      00002H    00000H
                  @@CALT   process_key
                                      00002H    00000H
                  @@CALT   level      00002H    00000H
                  @@CALT   temp       00002H    00000H
                  @@CALT   temp_table
                                      00002H    00000H
                  @@CALT   timer      00002H    00000H
                  @@CALT   time_short
                                      00002H    00000H
                  @@CALT   cold_water
                                      00002H    00000H
                  @@CALT   hot_water
                                      00002H    00000H
                  @@CALT   room_water
                                      00002H    00000H
                  @@CALT   sound      00002H    00000H
                  @@CALT   heater     00002H    00000H
                  @@CALT   hal_led    00002H    00000H
                  @@CALT   display_error
                                      00002H    00000H
                  @@CALT   r_cg_adc   00002H    00000H
                  @@CALT   r_cg_serial
                                      00002H    00000H
                  @@CALT   r_cg_port
                                      00002H    00000H
                  @@CALT   level_electrode
                                      00002H    00000H
                  @@CALT   api_adc    00002H    00000H
                  @@CALT   crc16      00002H    00000H
                  @@CALT   r_cg_timer
                                      00002H    00000H
                  @@CALT   hal_serial
                                      00002H    00000H
                  @@CALT   comm       00002H    00000H
                  @@CALT   parser     00002H    00000H
                  @@CALT   parser_tof
                                      00002H    00000H
         ??NMIROM                     00002H    00002H  CSEG
* gap *                               00004H    00020H
         @@VECT24                     00024H    00004H  CSEG AT
                  @@VECT24 hal_serial
                                      00024H    00004H
* gap *                               00028H    00002H
         @@VECT2A                     0002AH    00002H  CSEG AT
                  @@VECT2A hal_i2c    0002AH    00002H
         @@VECT2C                     0002CH    00002H  CSEG AT
                  @@VECT2C timer      0002CH    00002H
         @@VECT2E                     0002EH    00002H  CSEG AT
                  @@VECT2E hal_led    0002EH    00002H
* gap *                               00030H    00090H
         ?CSEGOB0                     000C0H    00004H  CSEG OPT_BYTE
         @@CODE                       000C4H    00000H  CSEG BASE
                  @@CODE   r_systeminit
                                      000C4H    00000H
                  @@CODE   r_cg_cgc   000C4H    00000H
                  @@CODE   r_cg_cgc_user
                                      000C4H    00000H
                  @@CODE   r_cg_wdt   000C4H    00000H
                  @@CODE   main       000C4H    00000H
                  @@CODE   process_sys_event
                                      000C4H    00000H
                  @@CODE   util       000C4H    00000H
                  @@CODE   display    000C4H    00000H
                  @@CODE   display_eol
                                      000C4H    00000H
                  @@CODE   process_display
                                      000C4H    00000H
                  @@CODE   eeprom     000C4H    00000H
                  @@CODE   eol        000C4H    00000H
                  @@CODE   key_eol_handler
                                      000C4H    00000H
                  @@CODE   process_eol
                                      000C4H    00000H
                  @@CODE   error      000C4H    00000H
                  @@CODE   err_room_level
                                      000C4H    00000H
                  @@CODE   err_temp   000C4H    00000H
                  @@CODE   err_temp_cold_water
                                      000C4H    00000H
                  @@CODE   err_temp_hot_water
                                      000C4H    00000H
                  @@CODE   process_error
                                      000C4H    00000H
                  @@CODE   fct        000C4H    00000H
                  @@CODE   key_fct_handler
                                      000C4H    00000H
                  @@CODE   process_fct
                                      000C4H    00000H
                  @@CODE   hal_adc    000C4H    00000H
                  @@CODE   hal_eeprom
                                      000C4H    00000H
                  @@CODE   hal_i2c    000C4H    00000H
                  @@CODE   hal_key    000C4H    00000H
                  @@CODE   hal_level
                                      000C4H    00000H
                  @@CODE   hal_relay
                                      000C4H    00000H
                  @@CODE   hal_valve
                                      000C4H    00000H
                  @@CODE   comp       000C4H    00000H
                  @@CODE   process_make
                                      000C4H    00000H
                  @@CODE   relay      000C4H    00000H
                  @@CODE   valve      000C4H    00000H
                  @@CODE   key        000C4H    00000H
                  @@CODE   key_handler
                                      000C4H    00000H
                  @@CODE   process_key
                                      000C4H    00000H
                  @@CODE   level      000C4H    00000H
                  @@CODE   temp       000C4H    00000H
                  @@CODE   temp_table
                                      000C4H    00000H
                  @@CODE   timer      000C4H    00000H
                  @@CODE   time_short
                                      000C4H    00000H
                  @@CODE   cold_water
                                      000C4H    00000H
                  @@CODE   hot_water
                                      000C4H    00000H
                  @@CODE   room_water
                                      000C4H    00000H
                  @@CODE   sound      000C4H    00000H
                  @@CODE   heater     000C4H    00000H
                  @@CODE   hal_led    000C4H    00000H
                  @@CODE   display_error
                                      000C4H    00000H
                  @@CODE   r_cg_adc   000C4H    00000H
                  @@CODE   r_cg_serial
                                      000C4H    00000H
                  @@CODE   r_cg_port
                                      000C4H    00000H
                  @@CODE   level_electrode
                                      000C4H    00000H
                  @@CODE   api_adc    000C4H    00000H
                  @@CODE   crc16      000C4H    00000H
                  @@CODE   r_cg_timer
                                      000C4H    00000H
                  @@CODE   hal_serial
                                      000C4H    00000H
                  @@CODE   comm       000C4H    00000H
                  @@CODE   parser     000C4H    00000H
                  @@CODE   parser_tof
                                      000C4H    00000H
* gap *                               000C4H    0000AH
         ?OCDSTAD                     000CEH    0000AH  CSEG
         @@LCODE                      000D8H    00334H  CSEG BASE
                  @@LCODE  @cstart    000D8H    000ADH
                  @@LCODE  @lmul      00185H    0002BH
                  @@LCODE  @cudiv     001B0H    00034H
                  @@LCODE  @curem     001E4H    00036H
                  @@LCODE  @ludiv     0021AH    0003FH
                  @@LCODE  @divuw     00259H    00034H
                  @@LCODE  m_fcmp     0028DH    00073H
                  @@LCODE  m_fcom5    00300H    0002AH
                  @@LCODE  m_fcom6    0032AH    0001FH
                  @@LCODE  m_lstof    00349H    00016H
                  @@LCODE  m_lutof    0035FH    0004DH
                  @@LCODE  @lcom      003ACH    0000DH
                  @@LCODE  @lursh     003B9H    0001FH
                  @@LCODE  @iscmp     003D8H    0000CH
                  @@LCODE  @lband     003E4H    00014H
                  @@LCODE  @lbor      003F8H    00014H
         @@BASE                       0040CH    0012CH  CSEG BASE
                  @@BASE   r_systeminit
                                      0040CH    00000H
                  @@BASE   r_cg_cgc   0040CH    00000H
                  @@BASE   r_cg_cgc_user
                                      0040CH    00000H
                  @@BASE   r_cg_wdt   0040CH    00000H
                  @@BASE   main       0040CH    00000H
                  @@BASE   process_sys_event
                                      0040CH    00000H
                  @@BASE   util       0040CH    00000H
                  @@BASE   display    0040CH    00000H
                  @@BASE   display_eol
                                      0040CH    00000H
                  @@BASE   process_display
                                      0040CH    00000H
                  @@BASE   eeprom     0040CH    00000H
                  @@BASE   eol        0040CH    00000H
                  @@BASE   key_eol_handler
                                      0040CH    00000H
                  @@BASE   process_eol
                                      0040CH    00000H
                  @@BASE   error      0040CH    00000H
                  @@BASE   err_room_level
                                      0040CH    00000H
                  @@BASE   err_temp   0040CH    00000H
                  @@BASE   err_temp_cold_water
                                      0040CH    00000H
                  @@BASE   err_temp_hot_water
                                      0040CH    00000H
                  @@BASE   process_error
                                      0040CH    00000H
                  @@BASE   fct        0040CH    00000H
                  @@BASE   key_fct_handler
                                      0040CH    00000H
                  @@BASE   process_fct
                                      0040CH    00000H
                  @@BASE   hal_adc    0040CH    00000H
                  @@BASE   hal_eeprom
                                      0040CH    00000H
                  @@BASE   hal_i2c    0040CH    00038H
                  @@BASE   hal_key    00444H    00000H
                  @@BASE   hal_level
                                      00444H    00000H
                  @@BASE   hal_relay
                                      00444H    00000H
                  @@BASE   hal_valve
                                      00444H    00000H
                  @@BASE   comp       00444H    00000H
                  @@BASE   process_make
                                      00444H    00000H
                  @@BASE   relay      00444H    00000H
                  @@BASE   valve      00444H    00000H
                  @@BASE   key        00444H    00000H
                  @@BASE   key_handler
                                      00444H    00000H
                  @@BASE   process_key
                                      00444H    00000H
                  @@BASE   level      00444H    00000H
                  @@BASE   temp       00444H    00000H
                  @@BASE   temp_table
                                      00444H    00000H
                  @@BASE   timer      00444H    00044H
                  @@BASE   time_short
                                      00488H    00000H
                  @@BASE   cold_water
                                      00488H    00000H
                  @@BASE   hot_water
                                      00488H    00000H
                  @@BASE   room_water
                                      00488H    00000H
                  @@BASE   sound      00488H    00000H
                  @@BASE   heater     00488H    00000H
                  @@BASE   hal_led    00488H    00002H
                  @@BASE   display_error
                                      0048AH    00000H
                  @@BASE   r_cg_adc   0048AH    00000H
                  @@BASE   r_cg_serial
                                      0048AH    00000H
                  @@BASE   r_cg_port
                                      0048AH    00000H
                  @@BASE   level_electrode
                                      0048AH    00000H
                  @@BASE   api_adc    0048AH    00000H
                  @@BASE   crc16      0048AH    00000H
                  @@BASE   r_cg_timer
                                      0048AH    00000H
                  @@BASE   hal_serial
                                      0048AH    000AEH
                  @@BASE   comm       00538H    00000H
                  @@BASE   parser     00538H    00000H
                  @@BASE   parser_tof
                                      00538H    00000H
         @@CNSTL                      00538H    000CEH  CSEG PAGE64KP
                  @@CNSTL  m_fcom5    00538H    000CEH
         @@R_INIT                     00606H    001D4H  CSEG UNIT64KP
                  @@R_INIT @cstart    00606H    00000H
                  @@R_INIT r_systeminit
                                      00606H    00000H
                  @@R_INIT r_cg_cgc   00606H    00000H
                  @@R_INIT r_cg_cgc_user
                                      00606H    00000H
                  @@R_INIT r_cg_wdt   00606H    00000H
                  @@R_INIT main       00606H    00000H
                  @@R_INIT process_sys_event
                                      00606H    00014H
                  @@R_INIT util       0061AH    00000H
                  @@R_INIT display    0061AH    00002H
                  @@R_INIT display_eol
                                      0061CH    00000H
                  @@R_INIT process_display
                                      0061CH    00008H
                  @@R_INIT eeprom     00624H    00014H
                  @@R_INIT eol        00638H    00000H
                  @@R_INIT key_eol_handler
                                      00638H    00000H
                  @@R_INIT process_eol
                                      00638H    00006H
                  @@R_INIT error      0063EH    00000H
                  @@R_INIT err_room_level
                                      0063EH    00002H
                  @@R_INIT err_temp   00640H    00000H
                  @@R_INIT err_temp_cold_water
                                      00640H    00004H
                  @@R_INIT err_temp_hot_water
                                      00644H    00004H
                  @@R_INIT process_error
                                      00648H    00028H
                  @@R_INIT fct        00670H    00000H
                  @@R_INIT key_fct_handler
                                      00670H    00000H
                  @@R_INIT process_fct
                                      00670H    00002H
                  @@R_INIT hal_adc    00672H    00000H
                  @@R_INIT hal_eeprom
                                      00672H    00000H
                  @@R_INIT hal_i2c    00672H    00018H
                  @@R_INIT hal_key    0068AH    00000H
                  @@R_INIT hal_level
                                      0068AH    00002H
                  @@R_INIT hal_relay
                                      0068CH    00000H
                  @@R_INIT hal_valve
                                      0068CH    00000H
                  @@R_INIT comp       0068CH    00000H
                  @@R_INIT process_make
                                      0068CH    00002H
                  @@R_INIT relay      0068EH    00000H
                  @@R_INIT valve      0068EH    00000H
                  @@R_INIT key        0068EH    00010H
                  @@R_INIT key_handler
                                      0069EH    00068H
                  @@R_INIT process_key
                                      00706H    00006H
                  @@R_INIT level      0070CH    00024H
                  @@R_INIT temp       00730H    00024H
                  @@R_INIT temp_table
                                      00754H    00000H
                  @@R_INIT timer      00754H    00004H
                  @@R_INIT time_short
                                      00758H    00002H
                  @@R_INIT cold_water
                                      0075AH    00000H
                  @@R_INIT hot_water
                                      0075AH    00002H
                  @@R_INIT room_water
                                      0075CH    00000H
                  @@R_INIT sound      0075CH    00004H
                  @@R_INIT heater     00760H    00000H
                  @@R_INIT hal_led    00760H    00000H
                  @@R_INIT display_error
                                      00760H    00010H
                  @@R_INIT r_cg_adc   00770H    00000H
                  @@R_INIT r_cg_serial
                                      00770H    00000H
                  @@R_INIT r_cg_port
                                      00770H    00000H
                  @@R_INIT level_electrode
                                      00770H    00014H
                  @@R_INIT api_adc    00784H    00050H
                  @@R_INIT crc16      007D4H    00000H
                  @@R_INIT r_cg_timer
                                      007D4H    00000H
                  @@R_INIT hal_serial
                                      007D4H    00000H
                  @@R_INIT comm       007D4H    00000H
                  @@R_INIT parser     007D4H    00004H
                  @@R_INIT parser_tof
                                      007D8H    00002H
                  @@R_INIT @rom       007DAH    00000H
         @@LCODEL                     007DAH    000B2H  CSEG
                  @@LCODEL @stkinit   007DAH    00044H
                  @@LCODEL exit       0081EH    0001CH
                  @@LCODEL memcpy_n   0083AH    0001AH
                  @@LCODEL memcmp_n   00854H    0001FH
                  @@LCODEL memset_n   00873H    00019H
* gap *                               0088CH    01774H
         @@CNST                       02000H    01EE0H  CSEG MIRRORP
                  @@CNST   @cstart    02000H    00000H
                  @@CNST   r_systeminit
                                      02000H    00000H
                  @@CNST   r_cg_cgc   02000H    00000H
                  @@CNST   r_cg_cgc_user
                                      02000H    00000H
                  @@CNST   r_cg_wdt   02000H    00000H
                  @@CNST   main       02000H    00000H
                  @@CNST   process_sys_event
                                      02000H    0004EH
                  @@CNST   util       0204EH    00000H
                  @@CNST   display    0204EH    00000H
                  @@CNST   display_eol
                                      0204EH    00000H
                  @@CNST   process_display
                                      0204EH    00000H
                  @@CNST   eeprom     0204EH    00010H
                  @@CNST   eol        0205EH    00000H
                  @@CNST   key_eol_handler
                                      0205EH    00034H
                  @@CNST   process_eol
                                      02092H    00000H
                  @@CNST   error      02092H    00000H
                  @@CNST   err_room_level
                                      02092H    00000H
                  @@CNST   err_temp   02092H    00000H
                  @@CNST   err_temp_cold_water
                                      02092H    00000H
                  @@CNST   err_temp_hot_water
                                      02092H    00000H
                  @@CNST   process_error
                                      02092H    00000H
                  @@CNST   fct        02092H    00000H
                  @@CNST   key_fct_handler
                                      02092H    0001AH
                  @@CNST   process_fct
                                      020ACH    00000H
                  @@CNST   hal_adc    020ACH    00000H
                  @@CNST   hal_eeprom
                                      020ACH    00004H
                  @@CNST   hal_i2c    020B0H    00000H
                  @@CNST   hal_key    020B0H    00000H
                  @@CNST   hal_level
                                      020B0H    00000H
                  @@CNST   hal_relay
                                      020B0H    00000H
                  @@CNST   hal_valve
                                      020B0H    00000H
                  @@CNST   comp       020B0H    00000H
                  @@CNST   process_make
                                      020B0H    00000H
                  @@CNST   relay      020B0H    00000H
                  @@CNST   valve      020B0H    00000H
                  @@CNST   key        020B0H    00000H
                  @@CNST   key_handler
                                      020B0H    00000H
                  @@CNST   process_key
                                      020B0H    00000H
                  @@CNST   level      020B0H    00000H
                  @@CNST   temp       020B0H    00000H
                  @@CNST   temp_table
                                      020B0H    01BE0H
                  @@CNST   timer      03C90H    00000H
                  @@CNST   time_short
                                      03C90H    00000H
                  @@CNST   cold_water
                                      03C90H    00008H
                  @@CNST   hot_water
                                      03C98H    00020H
                  @@CNST   room_water
                                      03CB8H    00000H
                  @@CNST   sound      03CB8H    00000H
                  @@CNST   heater     03CB8H    00000H
                  @@CNST   hal_led    03CB8H    00000H
                  @@CNST   display_error
                                      03CB8H    00000H
                  @@CNST   r_cg_adc   03CB8H    00000H
                  @@CNST   r_cg_serial
                                      03CB8H    00000H
                  @@CNST   r_cg_port
                                      03CB8H    00000H
                  @@CNST   level_electrode
                                      03CB8H    00000H
                  @@CNST   api_adc    03CB8H    00000H
                  @@CNST   crc16      03CB8H    00200H
                  @@CNST   r_cg_timer
                                      03EB8H    00000H
                  @@CNST   hal_serial
                                      03EB8H    00000H
                  @@CNST   comm       03EB8H    00000H
                  @@CNST   parser     03EB8H    00014H
                  @@CNST   parser_tof
                                      03ECCH    00014H
         @@CODEL                      03EE0H    051D0H  CSEG
                  @@CODEL  r_systeminit
                                      03EE0H    0002FH
                  @@CODEL  r_cg_cgc   03F0FH    00017H
                  @@CODEL  r_cg_cgc_user
                                      03F26H    00005H
                  @@CODEL  r_cg_wdt   03F2BH    0000BH
                  @@CODEL  main       03F36H    00098H
                  @@CODEL  process_sys_event
                                      03FCEH    002C9H
                  @@CODEL  util       04297H    0012DH
                  @@CODEL  display    043C4H    00095H
                  @@CODEL  display_eol
                                      04459H    00017H
                  @@CODEL  process_display
                                      04470H    00609H
                  @@CODEL  eeprom     04A79H    0044DH
                  @@CODEL  eol        04EC6H    00171H
                  @@CODEL  key_eol_handler
                                      05037H    000A7H
                  @@CODEL  process_eol
                                      050DEH    000E4H
                  @@CODEL  error      051C2H    00254H
                  @@CODEL  err_room_level
                                      05416H    000D0H
                  @@CODEL  err_temp   054E6H    0007EH
                  @@CODEL  err_temp_cold_water
                                      05564H    0004BH
                  @@CODEL  err_temp_hot_water
                                      055AFH    00041H
                  @@CODEL  process_error
                                      055F0H    00134H
                  @@CODEL  fct        05724H    00142H
                  @@CODEL  key_fct_handler
                                      05866H    000E5H
                  @@CODEL  process_fct
                                      0594BH    00093H
                  @@CODEL  hal_adc    059DEH    0003CH
                  @@CODEL  hal_eeprom
                                      05A1AH    00523H
                  @@CODEL  hal_i2c    05F3DH    00167H
                  @@CODEL  hal_key    060A4H    00045H
                  @@CODEL  hal_level
                                      060E9H    00076H
                  @@CODEL  hal_relay
                                      0615FH    00028H
                  @@CODEL  hal_valve
                                      06187H    0003CH
                  @@CODEL  comp       061C3H    001A1H
                  @@CODEL  process_make
                                      06364H    000BAH
                  @@CODEL  relay      0641EH    001F7H
                  @@CODEL  valve      06615H    00158H
                  @@CODEL  key        0676DH    00101H
                  @@CODEL  key_handler
                                      0686EH    001B3H
                  @@CODEL  process_key
                                      06A21H    0037CH
                  @@CODEL  level      06D9DH    00262H
                  @@CODEL  temp       06FFFH    00243H
                  @@CODEL  temp_table
                                      07242H    00076H
                  @@CODEL  timer      072B8H    00134H
                  @@CODEL  time_short
                                      073ECH    00129H
                  @@CODEL  cold_water
                                      07515H    002CDH
                  @@CODEL  hot_water
                                      077E2H    002C5H
                  @@CODEL  room_water
                                      07AA7H    00114H
                  @@CODEL  sound      07BBBH    00024H
                  @@CODEL  heater     07BDFH    000A9H
                  @@CODEL  hal_led    07C88H    000AEH
                  @@CODEL  display_error
                                      07D36H    0015AH
                  @@CODEL  r_cg_adc   07E90H    00047H
                  @@CODEL  r_cg_serial
                                      07ED7H    00233H
                  @@CODEL  r_cg_port
                                      0810AH    0003CH
                  @@CODEL  level_electrode
                                      08146H    001FAH
                  @@CODEL  api_adc    08340H    0037EH
                  @@CODEL  crc16      086BEH    00090H
                  @@CODEL  r_cg_timer
                                      0874EH    000E7H
                  @@CODEL  hal_serial
                                      08835H    0032AH
                  @@CODEL  comm       08B5FH    000BEH
                  @@CODEL  parser     08C1DH    001EEH
                  @@CODEL  parser_tof
                                      08E0BH    002A5H
* gap *                               090B0H    06D50H
         ??OCDROM                     0FE00H    00200H  CSEG

  MEMORY=RAM
  BASE ADDRESS=FEF00H   SIZE=01100H
         OUTPUT   INPUT    INPUT      BASE      SIZE
         SEGMENT  SEGMENT  MODULE     ADDRESS
         @@DATA                       FEF00H    0051AH  DSEG BASEP
                  @@DATA   @cstart    FEF00H    000BAH
                  @@DATA   r_systeminit
                                      FEFBAH    00000H
                  @@DATA   r_cg_cgc   FEFBAH    00000H
                  @@DATA   r_cg_cgc_user
                                      FEFBAH    00000H
                  @@DATA   r_cg_wdt   FEFBAH    00000H
                  @@DATA   main       FEFBAH    00000H
                  @@DATA   process_sys_event
                                      FEFBAH    00000H
                  @@DATA   util       FEFBAH    00000H
                  @@DATA   display    FEFBAH    00000H
                  @@DATA   display_eol
                                      FEFBAH    00000H
                  @@DATA   process_display
                                      FEFBAH    00016H
                  @@DATA   eeprom     FEFD0H    00016H
                  @@DATA   eol        FEFE6H    00012H
                  @@DATA   key_eol_handler
                                      FEFF8H    00000H
                  @@DATA   process_eol
                                      FEFF8H    00006H
                  @@DATA   error      FEFFEH    00034H
                  @@DATA   err_room_level
                                      FF032H    00000H
                  @@DATA   err_temp   FF032H    00000H
                  @@DATA   err_temp_cold_water
                                      FF032H    00000H
                  @@DATA   err_temp_hot_water
                                      FF032H    00000H
                  @@DATA   process_error
                                      FF032H    00000H
                  @@DATA   fct        FF032H    0000AH
                  @@DATA   key_fct_handler
                                      FF03CH    00000H
                  @@DATA   process_fct
                                      FF03CH    00000H
                  @@DATA   hal_adc    FF03CH    00000H
                  @@DATA   hal_eeprom
                                      FF03CH    00012H
                  @@DATA   hal_i2c    FF04EH    00000H
                  @@DATA   hal_key    FF04EH    00004H
                  @@DATA   hal_level
                                      FF052H    00000H
                  @@DATA   hal_relay
                                      FF052H    00000H
                  @@DATA   hal_valve
                                      FF052H    00000H
                  @@DATA   comp       FF052H    0000EH
                  @@DATA   process_make
                                      FF060H    00000H
                  @@DATA   relay      FF060H    0000EH
                  @@DATA   valve      FF06EH    00008H
                  @@DATA   key        FF076H    0000AH
                  @@DATA   key_handler
                                      FF080H    00002H
                  @@DATA   process_key
                                      FF082H    00000H
                  @@DATA   level      FF082H    00000H
                  @@DATA   temp       FF082H    00000H
                  @@DATA   temp_table
                                      FF082H    00000H
                  @@DATA   timer      FF082H    0005AH
                  @@DATA   time_short
                                      FF0DCH    00006H
                  @@DATA   cold_water
                                      FF0E2H    0001AH
                  @@DATA   hot_water
                                      FF0FCH    00020H
                  @@DATA   room_water
                                      FF11CH    00004H
                  @@DATA   sound      FF120H    00002H
                  @@DATA   heater     FF122H    0000AH
                  @@DATA   hal_led    FF12CH    00010H
                  @@DATA   display_error
                                      FF13CH    00000H
                  @@DATA   r_cg_adc   FF13CH    00000H
                  @@DATA   r_cg_serial
                                      FF13CH    00016H
                  @@DATA   r_cg_port
                                      FF152H    00000H
                  @@DATA   level_electrode
                                      FF152H    00000H
                  @@DATA   api_adc    FF152H    00024H
                  @@DATA   crc16      FF176H    00000H
                  @@DATA   r_cg_timer
                                      FF176H    00000H
                  @@DATA   hal_serial
                                      FF176H    0006EH
                  @@DATA   comm       FF1E4H    00008H
                  @@DATA   parser     FF1ECH    0022EH
                  @@DATA   parser_tof
                                      FF41AH    00000H
                  @@DATA   @rom       FF41AH    00000H
         @@INIT                       FF41AH    001D4H  DSEG BASEP
                  @@INIT   @cstart    FF41AH    00000H
                  @@INIT   r_systeminit
                                      FF41AH    00000H
                  @@INIT   r_cg_cgc   FF41AH    00000H
                  @@INIT   r_cg_cgc_user
                                      FF41AH    00000H
                  @@INIT   r_cg_wdt   FF41AH    00000H
                  @@INIT   main       FF41AH    00000H
                  @@INIT   process_sys_event
                                      FF41AH    00014H
                  @@INIT   util       FF42EH    00000H
                  @@INIT   display    FF42EH    00002H
                  @@INIT   display_eol
                                      FF430H    00000H
                  @@INIT   process_display
                                      FF430H    00008H
                  @@INIT   eeprom     FF438H    00014H
                  @@INIT   eol        FF44CH    00000H
                  @@INIT   key_eol_handler
                                      FF44CH    00000H
                  @@INIT   process_eol
                                      FF44CH    00006H
                  @@INIT   error      FF452H    00000H
                  @@INIT   err_room_level
                                      FF452H    00002H
                  @@INIT   err_temp   FF454H    00000H
                  @@INIT   err_temp_cold_water
                                      FF454H    00004H
                  @@INIT   err_temp_hot_water
                                      FF458H    00004H
                  @@INIT   process_error
                                      FF45CH    00028H
                  @@INIT   fct        FF484H    00000H
                  @@INIT   key_fct_handler
                                      FF484H    00000H
                  @@INIT   process_fct
                                      FF484H    00002H
                  @@INIT   hal_adc    FF486H    00000H
                  @@INIT   hal_eeprom
                                      FF486H    00000H
                  @@INIT   hal_i2c    FF486H    00018H
                  @@INIT   hal_key    FF49EH    00000H
                  @@INIT   hal_level
                                      FF49EH    00002H
                  @@INIT   hal_relay
                                      FF4A0H    00000H
                  @@INIT   hal_valve
                                      FF4A0H    00000H
                  @@INIT   comp       FF4A0H    00000H
                  @@INIT   process_make
                                      FF4A0H    00002H
                  @@INIT   relay      FF4A2H    00000H
                  @@INIT   valve      FF4A2H    00000H
                  @@INIT   key        FF4A2H    00010H
                  @@INIT   key_handler
                                      FF4B2H    00068H
                  @@INIT   process_key
                                      FF51AH    00006H
                  @@INIT   level      FF520H    00024H
                  @@INIT   temp       FF544H    00024H
                  @@INIT   temp_table
                                      FF568H    00000H
                  @@INIT   timer      FF568H    00004H
                  @@INIT   time_short
                                      FF56CH    00002H
                  @@INIT   cold_water
                                      FF56EH    00000H
                  @@INIT   hot_water
                                      FF56EH    00002H
                  @@INIT   room_water
                                      FF570H    00000H
                  @@INIT   sound      FF570H    00004H
                  @@INIT   heater     FF574H    00000H
                  @@INIT   hal_led    FF574H    00000H
                  @@INIT   display_error
                                      FF574H    00010H
                  @@INIT   r_cg_adc   FF584H    00000H
                  @@INIT   r_cg_serial
                                      FF584H    00000H
                  @@INIT   r_cg_port
                                      FF584H    00000H
                  @@INIT   level_electrode
                                      FF584H    00014H
                  @@INIT   api_adc    FF598H    00050H
                  @@INIT   crc16      FF5E8H    00000H
                  @@INIT   r_cg_timer
                                      FF5E8H    00000H
                  @@INIT   hal_serial
                                      FF5E8H    00000H
                  @@INIT   comm       FF5E8H    00000H
                  @@INIT   parser     FF5E8H    00004H
                  @@INIT   parser_tof
                                      FF5ECH    00002H
                  @@INIT   @rom       FF5EEH    00000H
         @@INIS                       FF5EEH    00000H  DSEG UNITP
                  @@INIS   @cstart    FF5EEH    00000H
                  @@INIS   r_systeminit
                                      FF5EEH    00000H
                  @@INIS   r_cg_cgc   FF5EEH    00000H
                  @@INIS   r_cg_cgc_user
                                      FF5EEH    00000H
                  @@INIS   r_cg_wdt   FF5EEH    00000H
                  @@INIS   main       FF5EEH    00000H
                  @@INIS   process_sys_event
                                      FF5EEH    00000H
                  @@INIS   util       FF5EEH    00000H
                  @@INIS   display    FF5EEH    00000H
                  @@INIS   display_eol
                                      FF5EEH    00000H
                  @@INIS   process_display
                                      FF5EEH    00000H
                  @@INIS   eeprom     FF5EEH    00000H
                  @@INIS   eol        FF5EEH    00000H
                  @@INIS   key_eol_handler
                                      FF5EEH    00000H
                  @@INIS   process_eol
                                      FF5EEH    00000H
                  @@INIS   error      FF5EEH    00000H
                  @@INIS   err_room_level
                                      FF5EEH    00000H
                  @@INIS   err_temp   FF5EEH    00000H
                  @@INIS   err_temp_cold_water
                                      FF5EEH    00000H
                  @@INIS   err_temp_hot_water
                                      FF5EEH    00000H
                  @@INIS   process_error
                                      FF5EEH    00000H
                  @@INIS   fct        FF5EEH    00000H
                  @@INIS   key_fct_handler
                                      FF5EEH    00000H
                  @@INIS   process_fct
                                      FF5EEH    00000H
                  @@INIS   hal_adc    FF5EEH    00000H
                  @@INIS   hal_eeprom
                                      FF5EEH    00000H
                  @@INIS   hal_i2c    FF5EEH    00000H
                  @@INIS   hal_key    FF5EEH    00000H
                  @@INIS   hal_level
                                      FF5EEH    00000H
                  @@INIS   hal_relay
                                      FF5EEH    00000H
                  @@INIS   hal_valve
                                      FF5EEH    00000H
                  @@INIS   comp       FF5EEH    00000H
                  @@INIS   process_make
                                      FF5EEH    00000H
                  @@INIS   relay      FF5EEH    00000H
                  @@INIS   valve      FF5EEH    00000H
                  @@INIS   key        FF5EEH    00000H
                  @@INIS   key_handler
                                      FF5EEH    00000H
                  @@INIS   process_key
                                      FF5EEH    00000H
                  @@INIS   level      FF5EEH    00000H
                  @@INIS   temp       FF5EEH    00000H
                  @@INIS   temp_table
                                      FF5EEH    00000H
                  @@INIS   timer      FF5EEH    00000H
                  @@INIS   time_short
                                      FF5EEH    00000H
                  @@INIS   cold_water
                                      FF5EEH    00000H
                  @@INIS   hot_water
                                      FF5EEH    00000H
                  @@INIS   room_water
                                      FF5EEH    00000H
                  @@INIS   sound      FF5EEH    00000H
                  @@INIS   heater     FF5EEH    00000H
                  @@INIS   hal_led    FF5EEH    00000H
                  @@INIS   display_error
                                      FF5EEH    00000H
                  @@INIS   r_cg_adc   FF5EEH    00000H
                  @@INIS   r_cg_serial
                                      FF5EEH    00000H
                  @@INIS   r_cg_port
                                      FF5EEH    00000H
                  @@INIS   level_electrode
                                      FF5EEH    00000H
                  @@INIS   api_adc    FF5EEH    00000H
                  @@INIS   crc16      FF5EEH    00000H
                  @@INIS   r_cg_timer
                                      FF5EEH    00000H
                  @@INIS   hal_serial
                                      FF5EEH    00000H
                  @@INIS   comm       FF5EEH    00000H
                  @@INIS   parser     FF5EEH    00000H
                  @@INIS   parser_tof
                                      FF5EEH    00000H
                  @@INIS   @rom       FF5EEH    00000H
         @@DATS                       FF5EEH    00000H  DSEG UNITP
                  @@DATS   @cstart    FF5EEH    00000H
                  @@DATS   r_systeminit
                                      FF5EEH    00000H
                  @@DATS   r_cg_cgc   FF5EEH    00000H
                  @@DATS   r_cg_cgc_user
                                      FF5EEH    00000H
                  @@DATS   r_cg_wdt   FF5EEH    00000H
                  @@DATS   main       FF5EEH    00000H
                  @@DATS   process_sys_event
                                      FF5EEH    00000H
                  @@DATS   util       FF5EEH    00000H
                  @@DATS   display    FF5EEH    00000H
                  @@DATS   display_eol
                                      FF5EEH    00000H
                  @@DATS   process_display
                                      FF5EEH    00000H
                  @@DATS   eeprom     FF5EEH    00000H
                  @@DATS   eol        FF5EEH    00000H
                  @@DATS   key_eol_handler
                                      FF5EEH    00000H
                  @@DATS   process_eol
                                      FF5EEH    00000H
                  @@DATS   error      FF5EEH    00000H
                  @@DATS   err_room_level
                                      FF5EEH    00000H
                  @@DATS   err_temp   FF5EEH    00000H
                  @@DATS   err_temp_cold_water
                                      FF5EEH    00000H
                  @@DATS   err_temp_hot_water
                                      FF5EEH    00000H
                  @@DATS   process_error
                                      FF5EEH    00000H
                  @@DATS   fct        FF5EEH    00000H
                  @@DATS   key_fct_handler
                                      FF5EEH    00000H
                  @@DATS   process_fct
                                      FF5EEH    00000H
                  @@DATS   hal_adc    FF5EEH    00000H
                  @@DATS   hal_eeprom
                                      FF5EEH    00000H
                  @@DATS   hal_i2c    FF5EEH    00000H
                  @@DATS   hal_key    FF5EEH    00000H
                  @@DATS   hal_level
                                      FF5EEH    00000H
                  @@DATS   hal_relay
                                      FF5EEH    00000H
                  @@DATS   hal_valve
                                      FF5EEH    00000H
                  @@DATS   comp       FF5EEH    00000H
                  @@DATS   process_make
                                      FF5EEH    00000H
                  @@DATS   relay      FF5EEH    00000H
                  @@DATS   valve      FF5EEH    00000H
                  @@DATS   key        FF5EEH    00000H
                  @@DATS   key_handler
                                      FF5EEH    00000H
                  @@DATS   process_key
                                      FF5EEH    00000H
                  @@DATS   level      FF5EEH    00000H
                  @@DATS   temp       FF5EEH    00000H
                  @@DATS   temp_table
                                      FF5EEH    00000H
                  @@DATS   timer      FF5EEH    00000H
                  @@DATS   time_short
                                      FF5EEH    00000H
                  @@DATS   cold_water
                                      FF5EEH    00000H
                  @@DATS   hot_water
                                      FF5EEH    00000H
                  @@DATS   room_water
                                      FF5EEH    00000H
                  @@DATS   sound      FF5EEH    00000H
                  @@DATS   heater     FF5EEH    00000H
                  @@DATS   hal_led    FF5EEH    00000H
                  @@DATS   display_error
                                      FF5EEH    00000H
                  @@DATS   r_cg_adc   FF5EEH    00000H
                  @@DATS   r_cg_serial
                                      FF5EEH    00000H
                  @@DATS   r_cg_port
                                      FF5EEH    00000H
                  @@DATS   level_electrode
                                      FF5EEH    00000H
                  @@DATS   api_adc    FF5EEH    00000H
                  @@DATS   crc16      FF5EEH    00000H
                  @@DATS   r_cg_timer
                                      FF5EEH    00000H
                  @@DATS   hal_serial
                                      FF5EEH    00000H
                  @@DATS   comm       FF5EEH    00000H
                  @@DATS   parser     FF5EEH    00000H
                  @@DATS   parser_tof
                                      FF5EEH    00000H
                  @@DATS   @rom       FF5EEH    00000H
         @@INITL                      FF5EEH    00000H  DSEG UNIT64KP
                  @@INITL  @cstart    FF5EEH    00000H
                  @@INITL  r_systeminit
                                      FF5EEH    00000H
                  @@INITL  r_cg_cgc   FF5EEH    00000H
                  @@INITL  r_cg_cgc_user
                                      FF5EEH    00000H
                  @@INITL  r_cg_wdt   FF5EEH    00000H
                  @@INITL  main       FF5EEH    00000H
                  @@INITL  process_sys_event
                                      FF5EEH    00000H
                  @@INITL  util       FF5EEH    00000H
                  @@INITL  display    FF5EEH    00000H
                  @@INITL  display_eol
                                      FF5EEH    00000H
                  @@INITL  process_display
                                      FF5EEH    00000H
                  @@INITL  eeprom     FF5EEH    00000H
                  @@INITL  eol        FF5EEH    00000H
                  @@INITL  key_eol_handler
                                      FF5EEH    00000H
                  @@INITL  process_eol
                                      FF5EEH    00000H
                  @@INITL  error      FF5EEH    00000H
                  @@INITL  err_room_level
                                      FF5EEH    00000H
                  @@INITL  err_temp   FF5EEH    00000H
                  @@INITL  err_temp_cold_water
                                      FF5EEH    00000H
                  @@INITL  err_temp_hot_water
                                      FF5EEH    00000H
                  @@INITL  process_error
                                      FF5EEH    00000H
                  @@INITL  fct        FF5EEH    00000H
                  @@INITL  key_fct_handler
                                      FF5EEH    00000H
                  @@INITL  process_fct
                                      FF5EEH    00000H
                  @@INITL  hal_adc    FF5EEH    00000H
                  @@INITL  hal_eeprom
                                      FF5EEH    00000H
                  @@INITL  hal_i2c    FF5EEH    00000H
                  @@INITL  hal_key    FF5EEH    00000H
                  @@INITL  hal_level
                                      FF5EEH    00000H
                  @@INITL  hal_relay
                                      FF5EEH    00000H
                  @@INITL  hal_valve
                                      FF5EEH    00000H
                  @@INITL  comp       FF5EEH    00000H
                  @@INITL  process_make
                                      FF5EEH    00000H
                  @@INITL  relay      FF5EEH    00000H
                  @@INITL  valve      FF5EEH    00000H
                  @@INITL  key        FF5EEH    00000H
                  @@INITL  key_handler
                                      FF5EEH    00000H
                  @@INITL  process_key
                                      FF5EEH    00000H
                  @@INITL  level      FF5EEH    00000H
                  @@INITL  temp       FF5EEH    00000H
                  @@INITL  temp_table
                                      FF5EEH    00000H
                  @@INITL  timer      FF5EEH    00000H
                  @@INITL  time_short
                                      FF5EEH    00000H
                  @@INITL  cold_water
                                      FF5EEH    00000H
                  @@INITL  hot_water
                                      FF5EEH    00000H
                  @@INITL  room_water
                                      FF5EEH    00000H
                  @@INITL  sound      FF5EEH    00000H
                  @@INITL  heater     FF5EEH    00000H
                  @@INITL  hal_led    FF5EEH    00000H
                  @@INITL  display_error
                                      FF5EEH    00000H
                  @@INITL  r_cg_adc   FF5EEH    00000H
                  @@INITL  r_cg_serial
                                      FF5EEH    00000H
                  @@INITL  r_cg_port
                                      FF5EEH    00000H
                  @@INITL  level_electrode
                                      FF5EEH    00000H
                  @@INITL  api_adc    FF5EEH    00000H
                  @@INITL  crc16      FF5EEH    00000H
                  @@INITL  r_cg_timer
                                      FF5EEH    00000H
                  @@INITL  hal_serial
                                      FF5EEH    00000H
                  @@INITL  comm       FF5EEH    00000H
                  @@INITL  parser     FF5EEH    00000H
                  @@INITL  parser_tof
                                      FF5EEH    00000H
                  @@INITL  @rom       FF5EEH    00000H
         @@DATAL                      FF5EEH    00000H  DSEG UNIT64KP
                  @@DATAL  @cstart    FF5EEH    00000H
                  @@DATAL  r_systeminit
                                      FF5EEH    00000H
                  @@DATAL  r_cg_cgc   FF5EEH    00000H
                  @@DATAL  r_cg_cgc_user
                                      FF5EEH    00000H
                  @@DATAL  r_cg_wdt   FF5EEH    00000H
                  @@DATAL  main       FF5EEH    00000H
                  @@DATAL  process_sys_event
                                      FF5EEH    00000H
                  @@DATAL  util       FF5EEH    00000H
                  @@DATAL  display    FF5EEH    00000H
                  @@DATAL  display_eol
                                      FF5EEH    00000H
                  @@DATAL  process_display
                                      FF5EEH    00000H
                  @@DATAL  eeprom     FF5EEH    00000H
                  @@DATAL  eol        FF5EEH    00000H
                  @@DATAL  key_eol_handler
                                      FF5EEH    00000H
                  @@DATAL  process_eol
                                      FF5EEH    00000H
                  @@DATAL  error      FF5EEH    00000H
                  @@DATAL  err_room_level
                                      FF5EEH    00000H
                  @@DATAL  err_temp   FF5EEH    00000H
                  @@DATAL  err_temp_cold_water
                                      FF5EEH    00000H
                  @@DATAL  err_temp_hot_water
                                      FF5EEH    00000H
                  @@DATAL  process_error
                                      FF5EEH    00000H
                  @@DATAL  fct        FF5EEH    00000H
                  @@DATAL  key_fct_handler
                                      FF5EEH    00000H
                  @@DATAL  process_fct
                                      FF5EEH    00000H
                  @@DATAL  hal_adc    FF5EEH    00000H
                  @@DATAL  hal_eeprom
                                      FF5EEH    00000H
                  @@DATAL  hal_i2c    FF5EEH    00000H
                  @@DATAL  hal_key    FF5EEH    00000H
                  @@DATAL  hal_level
                                      FF5EEH    00000H
                  @@DATAL  hal_relay
                                      FF5EEH    00000H
                  @@DATAL  hal_valve
                                      FF5EEH    00000H
                  @@DATAL  comp       FF5EEH    00000H
                  @@DATAL  process_make
                                      FF5EEH    00000H
                  @@DATAL  relay      FF5EEH    00000H
                  @@DATAL  valve      FF5EEH    00000H
                  @@DATAL  key        FF5EEH    00000H
                  @@DATAL  key_handler
                                      FF5EEH    00000H
                  @@DATAL  process_key
                                      FF5EEH    00000H
                  @@DATAL  level      FF5EEH    00000H
                  @@DATAL  temp       FF5EEH    00000H
                  @@DATAL  temp_table
                                      FF5EEH    00000H
                  @@DATAL  timer      FF5EEH    00000H
                  @@DATAL  time_short
                                      FF5EEH    00000H
                  @@DATAL  cold_water
                                      FF5EEH    00000H
                  @@DATAL  hot_water
                                      FF5EEH    00000H
                  @@DATAL  room_water
                                      FF5EEH    00000H
                  @@DATAL  sound      FF5EEH    00000H
                  @@DATAL  heater     FF5EEH    00000H
                  @@DATAL  hal_led    FF5EEH    00000H
                  @@DATAL  display_error
                                      FF5EEH    00000H
                  @@DATAL  r_cg_adc   FF5EEH    00000H
                  @@DATAL  r_cg_serial
                                      FF5EEH    00000H
                  @@DATAL  r_cg_port
                                      FF5EEH    00000H
                  @@DATAL  level_electrode
                                      FF5EEH    00000H
                  @@DATAL  api_adc    FF5EEH    00000H
                  @@DATAL  crc16      FF5EEH    00000H
                  @@DATAL  r_cg_timer
                                      FF5EEH    00000H
                  @@DATAL  hal_serial
                                      FF5EEH    00000H
                  @@DATAL  comm       FF5EEH    00000H
                  @@DATAL  parser     FF5EEH    00000H
                  @@DATAL  parser_tof
                                      FF5EEH    00000H
                  @@DATAL  @rom       FF5EEH    00000H
         @@BITS                       FF5EEH    00000H  BSEG
                  @@BITS   @cstart    FF5EEH.0  00000H.0
                  @@BITS   r_systeminit
                                      FF5EEH.0  00000H.0
                  @@BITS   r_cg_cgc   FF5EEH.0  00000H.0
                  @@BITS   r_cg_cgc_user
                                      FF5EEH.0  00000H.0
                  @@BITS   r_cg_wdt   FF5EEH.0  00000H.0
                  @@BITS   main       FF5EEH.0  00000H.0
                  @@BITS   process_sys_event
                                      FF5EEH.0  00000H.0
                  @@BITS   util       FF5EEH.0  00000H.0
                  @@BITS   display    FF5EEH.0  00000H.0
                  @@BITS   display_eol
                                      FF5EEH.0  00000H.0
                  @@BITS   process_display
                                      FF5EEH.0  00000H.0
                  @@BITS   eeprom     FF5EEH.0  00000H.0
                  @@BITS   eol        FF5EEH.0  00000H.0
                  @@BITS   key_eol_handler
                                      FF5EEH.0  00000H.0
                  @@BITS   process_eol
                                      FF5EEH.0  00000H.0
                  @@BITS   error      FF5EEH.0  00000H.0
                  @@BITS   err_room_level
                                      FF5EEH.0  00000H.0
                  @@BITS   err_temp   FF5EEH.0  00000H.0
                  @@BITS   err_temp_cold_water
                                      FF5EEH.0  00000H.0
                  @@BITS   err_temp_hot_water
                                      FF5EEH.0  00000H.0
                  @@BITS   process_error
                                      FF5EEH.0  00000H.0
                  @@BITS   fct        FF5EEH.0  00000H.0
                  @@BITS   key_fct_handler
                                      FF5EEH.0  00000H.0
                  @@BITS   process_fct
                                      FF5EEH.0  00000H.0
                  @@BITS   hal_adc    FF5EEH.0  00000H.0
                  @@BITS   hal_eeprom
                                      FF5EEH.0  00000H.0
                  @@BITS   hal_i2c    FF5EEH.0  00000H.0
                  @@BITS   hal_key    FF5EEH.0  00000H.0
                  @@BITS   hal_level
                                      FF5EEH.0  00000H.0
                  @@BITS   hal_relay
                                      FF5EEH.0  00000H.0
                  @@BITS   hal_valve
                                      FF5EEH.0  00000H.0
                  @@BITS   comp       FF5EEH.0  00000H.0
                  @@BITS   process_make
                                      FF5EEH.0  00000H.0
                  @@BITS   relay      FF5EEH.0  00000H.0
                  @@BITS   valve      FF5EEH.0  00000H.0
                  @@BITS   key        FF5EEH.0  00000H.0
                  @@BITS   key_handler
                                      FF5EEH.0  00000H.0
                  @@BITS   process_key
                                      FF5EEH.0  00000H.0
                  @@BITS   level      FF5EEH.0  00000H.0
                  @@BITS   temp       FF5EEH.0  00000H.0
                  @@BITS   temp_table
                                      FF5EEH.0  00000H.0
                  @@BITS   timer      FF5EEH.0  00000H.0
                  @@BITS   time_short
                                      FF5EEH.0  00000H.0
                  @@BITS   cold_water
                                      FF5EEH.0  00000H.0
                  @@BITS   hot_water
                                      FF5EEH.0  00000H.0
                  @@BITS   room_water
                                      FF5EEH.0  00000H.0
                  @@BITS   sound      FF5EEH.0  00000H.0
                  @@BITS   heater     FF5EEH.0  00000H.0
                  @@BITS   hal_led    FF5EEH.0  00000H.0
                  @@BITS   display_error
                                      FF5EEH.0  00000H.0
                  @@BITS   r_cg_adc   FF5EEH.0  00000H.0
                  @@BITS   r_cg_serial
                                      FF5EEH.0  00000H.0
                  @@BITS   r_cg_port
                                      FF5EEH.0  00000H.0
                  @@BITS   level_electrode
                                      FF5EEH.0  00000H.0
                  @@BITS   api_adc    FF5EEH.0  00000H.0
                  @@BITS   crc16      FF5EEH.0  00000H.0
                  @@BITS   r_cg_timer
                                      FF5EEH.0  00000H.0
                  @@BITS   hal_serial
                                      FF5EEH.0  00000H.0
                  @@BITS   comm       FF5EEH.0  00000H.0
                  @@BITS   parser     FF5EEH.0  00000H.0
                  @@BITS   parser_tof
                                      FF5EEH.0  00000H.0
* gap *                               FF5EEH    008E6H
         @@SEGREG                     FFED4H    00004H  DSEG AT
                  @@SEGREG @SEGREG    FFED4H    00004H
         @@RTARG0                     FFED8H    00008H  DSEG AT
                  @@RTARG0 @RTARG0    FFED8H    00008H
* gap *                               FFEE0H    00020H
* gap (Not Free Area) *               FFF00H    00100H


 Target chip : R5F100GE
 Device file : V1.14
